 # VASPBERRY (Ver 1.3.0), by Hyun-Jung Kim. 2026. Sep. 19.                                                                                                                                                                                                       
 #This program calculates (1)berry curvature omega(k) 
 #for closed loop C on a small patches in k-space,
 #and (2) degree of optical selectivity between 
 #two bands specified, and (3) a 2D Z2 invariant by
 #the Fukui-Hatsugai lattice n-field method.
  
 #!!!!!!!!!!!!!!!!!!!!!!!!!!!!!!!!!!!!!!!!!!!!!!!!!!!!!
 #! Copyright 2015. Hyun-Jung Kim All rights reserved.!
 #!        https://github.com/Infant83/VASPBERRY       !
 #!             Hanyang Univ. 2015.Apr.05.            !
 #!!!!!!!!!!!!!!!!!!!!!!!!!!!!!!!!!!!!!!!!!!!!!!!!!!!!!
  
 #*Ref1: T. Fukui, Y. Hatsugai, and H. Suzuki, 
 #       J. Phys. Soc. Jpn. 74, 1674 (2005),
 #       DOI 10.1143/JPSJ.74.1674
 #     'Chern Numbers in Discretized Brillouin Zone: 
 #  Efficient Method of Computing (Spin) Hall Conductances'
 #*Ref2: T. Fukui and Y. Hatsugai, J. Phys. Soc. Jpn.
 #       76, 053702 (2007), DOI 10.1143/JPSJ.76.053702
 #     'Lattice Computation of Z2 Topological 
 #      Invariants and Its Application to Bi and Sb'
 #*Ref3: R. Resta, J. Phys.: Condens. Matter. 12, R107 (2000)
 #     'Menifestations of Berry's phase in molecules 
 #      and condensed matter'
 #*Ref4: W. Yao, D. Xiao, and Q. Niu, PRB 77, 235406 (2008)
 #     'Valley-dependent optoelectronics from inversion
 #      symmetry breaking'
 #*Ref5: http://www.andrew.cmu.edu/user/feenstra/wavetrans/
 #       R. M. Feenstra and M. Widom                  
 #       some routines has been adopted from WAVETRANS
 #*      routines for Wavefunction reading and G 
 #       matching 
  
 #*Syntax:
 # ./vaspberry -f file -kx nx -ky ny -s 2 -ii ni -if nf
 #*  (or) ./vaspberry -f file -kx nx -ky ny -s 2 -is n 
  
 #*For the detailed help: ./vaspberry -h
  
  
# File reading... : results/mos2-fullmesh-vasp/WAVECAR                                                                                                                                                          
# TOTAL RECORD LENGTH =     38304
# NELECT     :     18
# ISPIN      :      1 (LSORBIT =.TRUE.)
# ENCUT (eV) :    400.0000
# NKPOINT    :    144
#  K-GRID    :     12   X  12
# NBANDS     :     26
# LATTVEC A1 :      3.171634     0.000000     0.000000
# LATTVEC A2 :      1.585817     2.746716     0.000000
# LATTVEC A3 :      0.000000     0.000000    15.000000
# RECIVEC B1 :      1.981056    -1.143763     0.000000
# RECIVEC B2 :      0.000000     2.287527     0.000000
# RECIVEC B3 :      0.000000    -0.000000     0.418879
#  dk^2 = |dk1xk2| =      0.031470
# NPMAX      :   6284
#  NB1MAX    :      6
#  NB2MAX    :      6
#  NB3MAX    :     25
  
  
#IK=   1 NK=  0.000 FLUX=  1.56979E-06 LOOP_U1=  1.00000E+00+ -1.56979E-06i KLP=   1   2  14  13   1 WKC= -0.04167 -0.04167  0.00000 STRM=  4 S(ARG)= -1.56979E-06 SMIN=  7.57400E-01
#IK=   2 NK=  0.000 FLUX= -4.39785E-03 LOOP_U1=  9.99990E-01+  4.39784E-03i KLP=   2   1  13  24   2 WKC=  0.04167 -0.04167  0.00000 STRM= -4 S(ARG)=  4.39785E-03 SMIN=  7.51716E-01
#IK=   3 NK=  0.000 FLUX= -3.12425E-02 LOOP_U1=  9.99512E-01+  3.12374E-02i KLP=   3   2  24  23   3 WKC=  0.12500 -0.04167  0.00000 STRM=  0 S(ARG)=  3.12425E-02 SMIN=  7.46392E-01
#IK=   4 NK=  0.000 FLUX= -4.39433E-02 LOOP_U1=  9.99035E-01+  4.39291E-02i KLP=   4   3  23  22   4 WKC=  0.20833 -0.04167  0.00000 STRM=  0 S(ARG)=  4.39433E-02 SMIN=  7.51133E-01
#IK=   5 NK=  0.000 FLUX= -3.56656E-02 LOOP_U1=  9.99364E-01+  3.56581E-02i KLP=   5   4  22  21   5 WKC=  0.29167 -0.04167  0.00000 STRM=  0 S(ARG)=  3.56656E-02 SMIN=  7.64989E-01
#IK=   6 NK=  1.000 FLUX= -3.21797E-02 LOOP_U1=  9.99482E-01+  3.21742E-02i KLP=   6   5  21  20   6 WKC=  0.37500 -0.04167  0.00000 STRM=  0 S(ARG)=  6.31537E+00 SMIN=  7.78438E-01
#IK=   7 NK=  0.000 FLUX= -3.92670E-02 LOOP_U1=  9.99229E-01+  3.92569E-02i KLP=   7   6  20  19   7 WKC=  0.45833 -0.04167  0.00000 STRM=  1 S(ARG)=  3.92670E-02 SMIN=  7.82040E-01
#IK=   8 NK= -1.000 FLUX= -3.24192E-02 LOOP_U1=  9.99475E-01+  3.24135E-02i KLP=   6   7  19  18   6 WKC= -0.45833 -0.04167  0.00000 STRM= -1 S(ARG)= -6.25077E+00 SMIN=  7.79580E-01
#IK=   9 NK=  1.000 FLUX= -3.04137E-02 LOOP_U1=  9.99538E-01+  3.04090E-02i KLP=   5   6  18  17   5 WKC= -0.37500 -0.04167  0.00000 STRM=  0 S(ARG)=  6.31360E+00 SMIN=  7.68345E-01
#IK=  10 NK=  0.000 FLUX= -3.91103E-02 LOOP_U1=  9.99235E-01+  3.91003E-02i KLP=   4   5  17  16   4 WKC= -0.29167 -0.04167  0.00000 STRM=  0 S(ARG)=  3.91103E-02 SMIN=  7.54112E-01
#IK=  11 NK= -1.000 FLUX= -4.07473E-02 LOOP_U1=  9.99170E-01+  4.07360E-02i KLP=   3   4  16  15   3 WKC= -0.20833 -0.04167  0.00000 STRM=  0 S(ARG)= -6.24244E+00 SMIN=  7.46392E-01
#IK=  12 NK=  0.000 FLUX= -1.71840E-02 LOOP_U1=  9.99852E-01+  1.71832E-02i KLP=   2   3  15  14   2 WKC= -0.12500 -0.04167  0.00000 STRM=  0 S(ARG)=  1.71840E-02 SMIN=  7.47862E-01
#IK=  13 NK=  0.000 FLUX=  4.39785E-03 LOOP_U1=  9.99990E-01+ -4.39784E-03i KLP=  13  24   2   1  13 WKC= -0.04167  0.04167  0.00000 STRM= -4 S(ARG)= -4.39785E-03 SMIN=  7.51716E-01
#IK=  14 NK=  0.000 FLUX= -1.56979E-06 LOOP_U1=  1.00000E+00+  1.56979E-06i KLP=  14  13   1   2  14 WKC=  0.04167  0.04167  0.00000 STRM=  4 S(ARG)=  1.56979E-06 SMIN=  7.57400E-01
#IK=  15 NK=  0.000 FLUX=  1.71840E-02 LOOP_U1=  9.99852E-01+ -1.71832E-02i KLP=  15  14   2   3  15 WKC=  0.12500  0.04167  0.00000 STRM=  0 S(ARG)= -1.71840E-02 SMIN=  7.47862E-01
#IK=  16 NK=  1.000 FLUX=  4.07473E-02 LOOP_U1=  9.99170E-01+ -4.07360E-02i KLP=  16  15   3   4  16 WKC=  0.20833  0.04167  0.00000 STRM=  0 S(ARG)=  6.24244E+00 SMIN=  7.46392E-01
#IK=  17 NK=  0.000 FLUX=  3.91103E-02 LOOP_U1=  9.99235E-01+ -3.91003E-02i KLP=  17  16   4   5  17 WKC=  0.29167  0.04167  0.00000 STRM=  0 S(ARG)= -3.91103E-02 SMIN=  7.54112E-01
#IK=  18 NK= -1.000 FLUX=  3.04137E-02 LOOP_U1=  9.99538E-01+ -3.04090E-02i KLP=  18  17   5   6  18 WKC=  0.37500  0.04167  0.00000 STRM=  0 S(ARG)= -6.31360E+00 SMIN=  7.68345E-01
#IK=  19 NK=  1.000 FLUX=  3.24192E-02 LOOP_U1=  9.99475E-01+ -3.24135E-02i KLP=  19  18   6   7  19 WKC=  0.45833  0.04167  0.00000 STRM= -1 S(ARG)=  6.25077E+00 SMIN=  7.79580E-01
#IK=  20 NK=  0.000 FLUX=  3.92670E-02 LOOP_U1=  9.99229E-01+ -3.92569E-02i KLP=  20  19   7   6  20 WKC= -0.45833  0.04167  0.00000 STRM=  1 S(ARG)= -3.92670E-02 SMIN=  7.82040E-01
#IK=  21 NK= -1.000 FLUX=  3.21797E-02 LOOP_U1=  9.99482E-01+ -3.21742E-02i KLP=  21  20   6   5  21 WKC= -0.37500  0.04167  0.00000 STRM=  0 S(ARG)= -6.31537E+00 SMIN=  7.78438E-01
#IK=  22 NK=  0.000 FLUX=  3.56656E-02 LOOP_U1=  9.99364E-01+ -3.56581E-02i KLP=  22  21   5   4  22 WKC= -0.29167  0.04167  0.00000 STRM=  0 S(ARG)= -3.56656E-02 SMIN=  7.64989E-01
#IK=  23 NK=  0.000 FLUX=  4.39433E-02 LOOP_U1=  9.99035E-01+ -4.39291E-02i KLP=  23  22   4   3  23 WKC= -0.20833  0.04167  0.00000 STRM=  0 S(ARG)= -4.39433E-02 SMIN=  7.51133E-01
#IK=  24 NK=  0.000 FLUX=  3.12425E-02 LOOP_U1=  9.99512E-01+ -3.12374E-02i KLP=  24  23   3   2  24 WKC= -0.12500  0.04167  0.00000 STRM=  0 S(ARG)= -3.12425E-02 SMIN=  7.46392E-01
#IK=  25 NK= -0.000 FLUX=  3.12441E-02 LOOP_U1=  9.99512E-01+ -3.12390E-02i KLP=  25  36  24  13  25 WKC= -0.04167  0.12500  0.00000 STRM=  0 S(ARG)= -3.12441E-02 SMIN=  7.46392E-01
#IK=  26 NK=  0.000 FLUX= -1.71827E-02 LOOP_U1=  9.99852E-01+  1.71819E-02i KLP=  26  25  13  14  26 WKC=  0.04167  0.12500  0.00000 STRM=  0 S(ARG)=  1.71827E-02 SMIN=  7.47863E-01
#IK=  27 NK=  1.000 FLUX= -5.54822E-07 LOOP_U1=  1.00000E+00+  5.54822E-07i KLP=  27  26  14  15  27 WKC=  0.12500  0.12500  0.00000 STRM=  0 S(ARG)=  6.28319E+00 SMIN=  7.49982E-01
#IK=  28 NK=  0.000 FLUX=  6.73217E-02 LOOP_U1=  9.97735E-01+ -6.72708E-02i KLP=  28  27  15  16  28 WKC=  0.20833  0.12500  0.00000 STRM=  0 S(ARG)= -6.73217E-02 SMIN=  7.45099E-01
#IK=  29 NK=  0.000 FLUX=  1.05054E-01 LOOP_U1=  9.94487E-01+ -1.04861E-01i KLP=  29  28  16  17  29 WKC=  0.29167  0.12500  0.00000 STRM=  0 S(ARG)= -1.05054E-01 SMIN=  7.45099E-01
#IK=  30 NK=  0.000 FLUX=  9.46827E-02 LOOP_U1=  9.95521E-01+ -9.45413E-02i KLP=  30  29  17  18  30 WKC=  0.37500  0.12500  0.00000 STRM=  0 S(ARG)= -9.46827E-02 SMIN=  7.50269E-01
#IK=  31 NK=  1.000 FLUX=  8.22026E-02 LOOP_U1=  9.96623E-01+ -8.21100E-02i KLP=  31  30  18  19  31 WKC=  0.45833  0.12500  0.00000 STRM=  0 S(ARG)=  6.20098E+00 SMIN=  7.60393E-01
#IK=  32 NK=  0.000 FLUX=  1.05335E-01 LOOP_U1=  9.94457E-01+ -1.05141E-01i KLP=  32  31  19  20  32 WKC= -0.45833  0.12500  0.00000 STRM=  0 S(ARG)= -1.05335E-01 SMIN=  7.56148E-01
#IK=  33 NK=  1.000 FLUX=  9.54706E-02 LOOP_U1=  9.95446E-01+ -9.53257E-02i KLP=  33  32  20  21  33 WKC= -0.37500  0.12500  0.00000 STRM=  0 S(ARG)=  6.18771E+00 SMIN=  7.56148E-01
#IK=  34 NK= -1.000 FLUX=  8.44243E-02 LOOP_U1=  9.96438E-01+ -8.43240E-02i KLP=  34  33  21  22  34 WKC= -0.29167  0.12500  0.00000 STRM=  0 S(ARG)= -6.36761E+00 SMIN=  7.63859E-01
#IK=  35 NK=  1.000 FLUX=  1.06171E-01 LOOP_U1=  9.94369E-01+ -1.05971E-01i KLP=  35  34  22  23  35 WKC= -0.20833  0.12500  0.00000 STRM=  0 S(ARG)=  6.17701E+00 SMIN=  7.54272E-01
#IK=  36 NK=  0.000 FLUX=  9.77925E-02 LOOP_U1=  9.95222E-01+ -9.76367E-02i KLP=  36  35  23  24  36 WKC= -0.12500  0.12500  0.00000 STRM=  0 S(ARG)= -9.77925E-02 SMIN=  7.46392E-01
#IK=  37 NK= -1.000 FLUX=  4.39396E-02 LOOP_U1=  9.99035E-01+ -4.39254E-02i KLP=  37  48  36  25  37 WKC= -0.04167  0.20833  0.00000 STRM=  0 S(ARG)= -6.32712E+00 SMIN=  7.51133E-01
#IK=  38 NK=  0.000 FLUX= -4.07493E-02 LOOP_U1=  9.99170E-01+  4.07380E-02i KLP=  38  37  25  26  38 WKC=  0.04167  0.20833  0.00000 STRM=  0 S(ARG)=  4.07493E-02 SMIN=  7.46392E-01
#IK=  39 NK=  0.000 FLUX= -6.73184E-02 LOOP_U1=  9.97735E-01+  6.72676E-02i KLP=  39  38  26  27  39 WKC=  0.12500  0.20833  0.00000 STRM=  0 S(ARG)=  6.73184E-02 SMIN=  7.45099E-01
#IK=  40 NK= -1.000 FLUX=  9.94364E-07 LOOP_U1=  1.00000E+00+ -9.94364E-07i KLP=  40  39  27  28  40 WKC=  0.20833  0.20833  0.00000 STRM=  0 S(ARG)= -6.28319E+00 SMIN=  7.51133E-01
#IK=  41 NK=  0.000 FLUX=  7.77771E-02 LOOP_U1=  9.96977E-01+ -7.76988E-02i KLP=  41  40  28  29  41 WKC=  0.29167  0.20833  0.00000 STRM=  0 S(ARG)= -7.77771E-02 SMIN=  7.50269E-01
#IK=  42 NK=  0.000 FLUX=  1.12554E-01 LOOP_U1=  9.93672E-01+ -1.12316E-01i KLP=  42  41  29  30  42 WKC=  0.37500  0.20833  0.00000 STRM=  0 S(ARG)= -1.12554E-01 SMIN=  7.50269E-01
#IK=  43 NK= -1.000 FLUX=  1.08033E-01 LOOP_U1=  9.94170E-01+ -1.07823E-01i KLP=  43  42  30  31  43 WKC=  0.45833  0.20833  0.00000 STRM=  0 S(ARG)= -6.39122E+00 SMIN=  7.48193E-01
#IK=  44 NK= -1.000 FLUX=  1.58389E-01 LOOP_U1=  9.87483E-01+ -1.57727E-01i KLP=  44  43  31  32  44 WKC= -0.45833  0.20833  0.00000 STRM=  0 S(ARG)= -6.44157E+00 SMIN=  7.43340E-01
#IK=  45 NK= -1.000 FLUX=  2.01972E-01 LOOP_U1=  9.79673E-01+ -2.00602E-01i KLP=  45  44  32  33  45 WKC= -0.37500  0.20833  0.00000 STRM=  0 S(ARG)= -6.48516E+00 SMIN=  7.20429E-01
#IK=  46 NK=  0.000 FLUX=  1.27341E-01 LOOP_U1=  9.91903E-01+ -1.26997E-01i KLP=  46  45  33  34  46 WKC= -0.29167  0.20833  0.00000 STRM=  0 S(ARG)= -1.27341E-01 SMIN=  7.43641E-01
#IK=  47 NK=  0.000 FLUX=  1.11572E-01 LOOP_U1=  9.93782E-01+ -1.11341E-01i KLP=  47  46  34  35  47 WKC= -0.20833  0.20833  0.00000 STRM=  0 S(ARG)= -1.11572E-01 SMIN=  7.59640E-01
#IK=  48 NK=  1.000 FLUX=  1.06169E-01 LOOP_U1=  9.94369E-01+ -1.05970E-01i KLP=  48  47  35  36  48 WKC= -0.12500  0.20833  0.00000 STRM=  0 S(ARG)=  6.17702E+00 SMIN=  7.54272E-01
#IK=  49 NK=  0.000 FLUX=  3.56682E-02 LOOP_U1=  9.99364E-01+ -3.56606E-02i KLP=  49  60  48  37  49 WKC= -0.04167  0.29167  0.00000 STRM=  0 S(ARG)= -3.56682E-02 SMIN=  7.64989E-01
#IK=  50 NK=  1.000 FLUX= -3.91098E-02 LOOP_U1=  9.99235E-01+  3.90998E-02i KLP=  50  49  37  38  50 WKC=  0.04167  0.29167  0.00000 STRM=  0 S(ARG)=  6.32230E+00 SMIN=  7.54113E-01
#IK=  51 NK=  0.000 FLUX= -1.05057E-01 LOOP_U1=  9.94487E-01+  1.04864E-01i KLP=  51  50  38  39  51 WKC=  0.12500  0.29167  0.00000 STRM=  0 S(ARG)=  1.05057E-01 SMIN=  7.45099E-01
#IK=  52 NK=  0.000 FLUX= -7.77791E-02 LOOP_U1=  9.96977E-01+  7.77007E-02i KLP=  52  51  39  40  52 WKC=  0.20833  0.29167  0.00000 STRM=  0 S(ARG)=  7.77791E-02 SMIN=  7.50269E-01
#IK=  53 NK=  0.000 FLUX= -3.22634E-06 LOOP_U1=  1.00000E+00+  3.22634E-06i KLP=  53  52  40  41  53 WKC=  0.29167  0.29167  0.00000 STRM=  0 S(ARG)=  3.22634E-06 SMIN=  7.64989E-01
#IK=  54 NK=  0.000 FLUX=  6.28459E-02 LOOP_U1=  9.98026E-01+ -6.28046E-02i KLP=  54  53  41  42  54 WKC=  0.37500  0.29167  0.00000 STRM=  0 S(ARG)= -6.28459E-02 SMIN=  7.60393E-01
#IK=  55 NK=  0.000 FLUX=  9.87634E-02 LOOP_U1=  9.95127E-01+ -9.86029E-02i KLP=  55  54  42  43  55 WKC=  0.45833  0.29167  0.00000 STRM=  0 S(ARG)= -9.87634E-02 SMIN=  7.48193E-01
#IK=  56 NK=  1.000 FLUX=  1.81518E-01 LOOP_U1=  9.83571E-01+ -1.80523E-01i KLP=  56  55  43  44  56 WKC= -0.45833  0.29167  0.00000 STRM=  0 S(ARG)=  6.10167E+00 SMIN=  7.23777E-01
#IK=  57 NK=  1.000 FLUX=  3.87474E-01 LOOP_U1=  9.25866E-01+ -3.77851E-01i KLP=  57  56  44  45  57 WKC= -0.37500  0.29167  0.00000 STRM=  0 S(ARG)=  5.89571E+00 SMIN=  7.13968E-01
#IK=  58 NK=  1.000 FLUX=  2.89760E-01 LOOP_U1=  9.58312E-01+ -2.85722E-01i KLP=  58  57  45  46  58 WKC= -0.29167  0.29167  0.00000 STRM=  0 S(ARG)=  5.99343E+00 SMIN=  7.13968E-01
#IK=  59 NK=  0.000 FLUX=  1.27340E-01 LOOP_U1=  9.91903E-01+ -1.26996E-01i KLP=  59  58  46  47  59 WKC= -0.20833  0.29167  0.00000 STRM=  0 S(ARG)= -1.27340E-01 SMIN=  7.43641E-01
#IK=  60 NK=  0.000 FLUX=  8.44287E-02 LOOP_U1=  9.96438E-01+ -8.43285E-02i KLP=  60  59  47  48  60 WKC= -0.12500  0.29167  0.00000 STRM=  0 S(ARG)= -8.44287E-02 SMIN=  7.63859E-01
#IK=  61 NK=  0.000 FLUX=  3.21779E-02 LOOP_U1=  9.99482E-01+ -3.21723E-02i KLP=  61  72  60  49  61 WKC= -0.04167  0.37500  0.00000 STRM=  0 S(ARG)= -3.21779E-02 SMIN=  7.78439E-01
#IK=  62 NK= -1.000 FLUX= -3.04127E-02 LOOP_U1=  9.99538E-01+  3.04080E-02i KLP=  62  61  49  50  62 WKC=  0.04167  0.37500  0.00000 STRM=  0 S(ARG)= -6.25277E+00 SMIN=  7.68345E-01
#IK=  63 NK=  0.000 FLUX= -9.46831E-02 LOOP_U1=  9.95521E-01+  9.45417E-02i KLP=  63  62  50  51  63 WKC=  0.12500  0.37500  0.00000 STRM=  0 S(ARG)=  9.46831E-02 SMIN=  7.50268E-01
#IK=  64 NK=  0.000 FLUX= -1.12553E-01 LOOP_U1=  9.93673E-01+  1.12316E-01i KLP=  64  63  51  52  64 WKC=  0.20833  0.37500  0.00000 STRM=  0 S(ARG)=  1.12553E-01 SMIN=  7.50269E-01
#IK=  65 NK=  0.000 FLUX= -6.28486E-02 LOOP_U1=  9.98026E-01+  6.28072E-02i KLP=  65  64  52  53  65 WKC=  0.29167  0.37500  0.00000 STRM=  0 S(ARG)=  6.28486E-02 SMIN=  7.60394E-01
#IK=  66 NK= -1.000 FLUX=  3.02086E-06 LOOP_U1=  1.00000E+00+ -3.02086E-06i KLP=  66  65  53  54  66 WKC=  0.37500  0.37500  0.00000 STRM=  0 S(ARG)= -6.28319E+00 SMIN=  7.78438E-01
#IK=  67 NK=  0.000 FLUX=  6.23873E-02 LOOP_U1=  9.98055E-01+ -6.23468E-02i KLP=  67  66  54  55  67 WKC=  0.45833  0.37500  0.00000 STRM=  0 S(ARG)= -6.23873E-02 SMIN=  7.66562E-01
#IK=  68 NK= -1.000 FLUX=  1.43076E-01 LOOP_U1=  9.89782E-01+ -1.42588E-01i KLP=  68  67  55  56  68 WKC= -0.45833  0.37500  0.00000 STRM=  0 S(ARG)= -6.42626E+00 SMIN=  7.43340E-01
#IK=  69 NK=  0.000 FLUX=  3.22815E-01 LOOP_U1=  9.48346E-01+ -3.17238E-01i KLP=  69  68  56  57  69 WKC= -0.37500  0.37500  0.00000 STRM=  0 S(ARG)= -3.22815E-01 SMIN=  7.13968E-01
#IK=  70 NK=  0.000 FLUX=  3.87476E-01 LOOP_U1=  9.25866E-01+ -3.77852E-01i KLP=  70  69  57  58  70 WKC= -0.29167  0.37500  0.00000 STRM=  0 S(ARG)= -3.87476E-01 SMIN=  7.13968E-01
#IK=  71 NK=  0.000 FLUX=  2.01971E-01 LOOP_U1=  9.79673E-01+ -2.00601E-01i KLP=  71  70  58  59  71 WKC= -0.20833  0.37500  0.00000 STRM=  0 S(ARG)= -2.01971E-01 SMIN=  7.20429E-01
#IK=  72 NK=  0.000 FLUX=  9.54699E-02 LOOP_U1=  9.95446E-01+ -9.53250E-02i KLP=  72  71  59  60  72 WKC= -0.12500  0.37500  0.00000 STRM=  0 S(ARG)= -9.54699E-02 SMIN=  7.56148E-01
#IK=  73 NK=  1.000 FLUX=  3.92692E-02 LOOP_U1=  9.99229E-01+ -3.92591E-02i KLP=  73  84  72  61  73 WKC= -0.04167  0.45833  0.00000 STRM=  2 S(ARG)=  6.24392E+00 SMIN=  7.82040E-01
#IK=  74 NK=  1.000 FLUX= -3.24199E-02 LOOP_U1=  9.99475E-01+  3.24142E-02i KLP=  84  73  61  62  84 WKC=  0.04167  0.45833  0.00000 STRM= -2 S(ARG)=  6.31561E+00 SMIN=  7.79581E-01
#IK=  75 NK=  0.000 FLUX= -8.22052E-02 LOOP_U1=  9.96623E-01+  8.21126E-02i KLP=  83  84  62  63  83 WKC=  0.12500  0.45833  0.00000 STRM=  0 S(ARG)=  8.22052E-02 SMIN=  7.60394E-01
#IK=  76 NK=  0.000 FLUX= -1.08032E-01 LOOP_U1=  9.94170E-01+  1.07822E-01i KLP=  82  83  63  64  82 WKC=  0.20833  0.45833  0.00000 STRM=  0 S(ARG)=  1.08032E-01 SMIN=  7.48193E-01
#IK=  77 NK=  0.000 FLUX= -9.87623E-02 LOOP_U1=  9.95127E-01+  9.86018E-02i KLP=  81  82  64  65  81 WKC=  0.29167  0.45833  0.00000 STRM=  0 S(ARG)=  9.87623E-02 SMIN=  7.48193E-01
#IK=  78 NK=  0.000 FLUX= -6.23859E-02 LOOP_U1=  9.98055E-01+  6.23454E-02i KLP=  80  81  65  66  80 WKC=  0.37500  0.45833  0.00000 STRM=  0 S(ARG)=  6.23859E-02 SMIN=  7.66562E-01
#IK=  79 NK=  0.000 FLUX= -2.34298E-06 LOOP_U1=  1.00000E+00+  2.34298E-06i KLP=  79  80  66  67  79 WKC=  0.45833  0.45833  0.00000 STRM=  3 S(ARG)=  2.34298E-06 SMIN=  7.85877E-01
#IK=  80 NK=  1.000 FLUX=  7.91025E-02 LOOP_U1=  9.96873E-01+ -7.90201E-02i KLP=  80  79  67  68  80 WKC= -0.45833  0.45833  0.00000 STRM= -3 S(ARG)=  6.20408E+00 SMIN=  7.71804E-01
#IK=  81 NK= -1.000 FLUX=  1.43075E-01 LOOP_U1=  9.89782E-01+ -1.42587E-01i KLP=  81  80  68  69  81 WKC= -0.37500  0.45833  0.00000 STRM=  0 S(ARG)= -6.42626E+00 SMIN=  7.43340E-01
#IK=  82 NK=  0.000 FLUX=  1.81518E-01 LOOP_U1=  9.83571E-01+ -1.80522E-01i KLP=  82  81  69  70  82 WKC= -0.29167  0.45833  0.00000 STRM=  0 S(ARG)= -1.81518E-01 SMIN=  7.23777E-01
#IK=  83 NK= -1.000 FLUX=  1.58389E-01 LOOP_U1=  9.87483E-01+ -1.57727E-01i KLP=  83  82  70  71  83 WKC= -0.20833  0.45833  0.00000 STRM=  0 S(ARG)= -6.44157E+00 SMIN=  7.43340E-01
#IK=  84 NK= -1.000 FLUX=  1.05335E-01 LOOP_U1=  9.94457E-01+ -1.05140E-01i KLP=  84  83  71  72  84 WKC= -0.12500  0.45833  0.00000 STRM=  0 S(ARG)= -6.38852E+00 SMIN=  7.56148E-01
#IK=  85 NK= -1.000 FLUX=  3.24199E-02 LOOP_U1=  9.99475E-01+ -3.24142E-02i KLP=  61  62  84  73  61 WKC= -0.04167 -0.45833  0.00000 STRM= -2 S(ARG)= -6.31561E+00 SMIN=  7.79581E-01
#IK=  86 NK= -1.000 FLUX= -3.92692E-02 LOOP_U1=  9.99229E-01+  3.92591E-02i KLP=  72  61  73  84  72 WKC=  0.04167 -0.45833  0.00000 STRM=  2 S(ARG)= -6.24392E+00 SMIN=  7.82040E-01
#IK=  87 NK=  1.000 FLUX= -1.05335E-01 LOOP_U1=  9.94457E-01+  1.05140E-01i KLP=  71  72  84  83  71 WKC=  0.12500 -0.45833  0.00000 STRM=  0 S(ARG)=  6.38852E+00 SMIN=  7.56148E-01
#IK=  88 NK=  1.000 FLUX= -1.58389E-01 LOOP_U1=  9.87483E-01+  1.57727E-01i KLP=  70  71  83  82  70 WKC=  0.20833 -0.45833  0.00000 STRM=  0 S(ARG)=  6.44157E+00 SMIN=  7.43340E-01
#IK=  89 NK=  0.000 FLUX= -1.81518E-01 LOOP_U1=  9.83571E-01+  1.80522E-01i KLP=  69  70  82  81  69 WKC=  0.29167 -0.45833  0.00000 STRM=  0 S(ARG)=  1.81518E-01 SMIN=  7.23777E-01
#IK=  90 NK=  1.000 FLUX= -1.43075E-01 LOOP_U1=  9.89782E-01+  1.42587E-01i KLP=  68  69  81  80  68 WKC=  0.37500 -0.45833  0.00000 STRM=  0 S(ARG)=  6.42626E+00 SMIN=  7.43340E-01
#IK=  91 NK= -1.000 FLUX= -7.91025E-02 LOOP_U1=  9.96873E-01+  7.90201E-02i KLP=  67  68  80  79  67 WKC=  0.45833 -0.45833  0.00000 STRM= -3 S(ARG)= -6.20408E+00 SMIN=  7.71804E-01
#IK=  92 NK=  0.000 FLUX=  2.34298E-06 LOOP_U1=  1.00000E+00+ -2.34298E-06i KLP=  66  67  79  80  66 WKC= -0.45833 -0.45833  0.00000 STRM=  3 S(ARG)= -2.34298E-06 SMIN=  7.85877E-01
#IK=  93 NK=  0.000 FLUX=  6.23859E-02 LOOP_U1=  9.98055E-01+ -6.23454E-02i KLP=  65  66  80  81  65 WKC= -0.37500 -0.45833  0.00000 STRM=  0 S(ARG)= -6.23859E-02 SMIN=  7.66562E-01
#IK=  94 NK=  0.000 FLUX=  9.87623E-02 LOOP_U1=  9.95127E-01+ -9.86018E-02i KLP=  64  65  81  82  64 WKC= -0.29167 -0.45833  0.00000 STRM=  0 S(ARG)= -9.87623E-02 SMIN=  7.48193E-01
#IK=  95 NK=  0.000 FLUX=  1.08032E-01 LOOP_U1=  9.94170E-01+ -1.07822E-01i KLP=  63  64  82  83  63 WKC= -0.20833 -0.45833  0.00000 STRM=  0 S(ARG)= -1.08032E-01 SMIN=  7.48193E-01
#IK=  96 NK=  0.000 FLUX=  8.22052E-02 LOOP_U1=  9.96623E-01+ -8.21126E-02i KLP=  62  63  83  84  62 WKC= -0.12500 -0.45833  0.00000 STRM=  0 S(ARG)= -8.22052E-02 SMIN=  7.60394E-01
#IK=  97 NK=  1.000 FLUX=  3.04127E-02 LOOP_U1=  9.99538E-01+ -3.04080E-02i KLP=  49  50  62  61  49 WKC= -0.04167 -0.37500  0.00000 STRM=  0 S(ARG)=  6.25277E+00 SMIN=  7.68345E-01
#IK=  98 NK=  0.000 FLUX= -3.21779E-02 LOOP_U1=  9.99482E-01+  3.21723E-02i KLP=  60  49  61  72  60 WKC=  0.04167 -0.37500  0.00000 STRM=  0 S(ARG)=  3.21779E-02 SMIN=  7.78439E-01
#IK=  99 NK=  0.000 FLUX= -9.54699E-02 LOOP_U1=  9.95446E-01+  9.53250E-02i KLP=  59  60  72  71  59 WKC=  0.12500 -0.37500  0.00000 STRM=  0 S(ARG)=  9.54699E-02 SMIN=  7.56148E-01
#IK= 100 NK=  0.000 FLUX= -2.01971E-01 LOOP_U1=  9.79673E-01+  2.00601E-01i KLP=  58  59  71  70  58 WKC=  0.20833 -0.37500  0.00000 STRM=  0 S(ARG)=  2.01971E-01 SMIN=  7.20429E-01
#IK= 101 NK=  0.000 FLUX= -3.87476E-01 LOOP_U1=  9.25866E-01+  3.77852E-01i KLP=  57  58  70  69  57 WKC=  0.29167 -0.37500  0.00000 STRM=  0 S(ARG)=  3.87476E-01 SMIN=  7.13968E-01
#IK= 102 NK= -0.000 FLUX= -3.22815E-01 LOOP_U1=  9.48346E-01+  3.17238E-01i KLP=  56  57  69  68  56 WKC=  0.37500 -0.37500  0.00000 STRM=  0 S(ARG)=  3.22815E-01 SMIN=  7.13968E-01
#IK= 103 NK=  1.000 FLUX= -1.43076E-01 LOOP_U1=  9.89782E-01+  1.42588E-01i KLP=  55  56  68  67  55 WKC=  0.45833 -0.37500  0.00000 STRM=  0 S(ARG)=  6.42626E+00 SMIN=  7.43340E-01
#IK= 104 NK=  0.000 FLUX= -6.23873E-02 LOOP_U1=  9.98055E-01+  6.23468E-02i KLP=  54  55  67  66  54 WKC= -0.45833 -0.37500  0.00000 STRM=  0 S(ARG)=  6.23873E-02 SMIN=  7.66562E-01
#IK= 105 NK=  1.000 FLUX= -3.02086E-06 LOOP_U1=  1.00000E+00+  3.02086E-06i KLP=  53  54  66  65  53 WKC= -0.37500 -0.37500  0.00000 STRM=  0 S(ARG)=  6.28319E+00 SMIN=  7.78438E-01
#IK= 106 NK=  0.000 FLUX=  6.28486E-02 LOOP_U1=  9.98026E-01+ -6.28072E-02i KLP=  52  53  65  64  52 WKC= -0.29167 -0.37500  0.00000 STRM=  0 S(ARG)= -6.28486E-02 SMIN=  7.60394E-01
#IK= 107 NK=  0.000 FLUX=  1.12553E-01 LOOP_U1=  9.93673E-01+ -1.12316E-01i KLP=  51  52  64  63  51 WKC= -0.20833 -0.37500  0.00000 STRM=  0 S(ARG)= -1.12553E-01 SMIN=  7.50269E-01
#IK= 108 NK=  0.000 FLUX=  9.46831E-02 LOOP_U1=  9.95521E-01+ -9.45417E-02i KLP=  50  51  63  62  50 WKC= -0.12500 -0.37500  0.00000 STRM=  0 S(ARG)= -9.46831E-02 SMIN=  7.50268E-01
#IK= 109 NK= -1.000 FLUX=  3.91098E-02 LOOP_U1=  9.99235E-01+ -3.90998E-02i KLP=  37  38  50  49  37 WKC= -0.04167 -0.29167  0.00000 STRM=  0 S(ARG)= -6.32230E+00 SMIN=  7.54113E-01
#IK= 110 NK=  0.000 FLUX= -3.56682E-02 LOOP_U1=  9.99364E-01+  3.56606E-02i KLP=  48  37  49  60  48 WKC=  0.04167 -0.29167  0.00000 STRM=  0 S(ARG)=  3.56682E-02 SMIN=  7.64989E-01
#IK= 111 NK=  0.000 FLUX= -8.44287E-02 LOOP_U1=  9.96438E-01+  8.43285E-02i KLP=  47  48  60  59  47 WKC=  0.12500 -0.29167  0.00000 STRM=  0 S(ARG)=  8.44287E-02 SMIN=  7.63859E-01
#IK= 112 NK=  0.000 FLUX= -1.27340E-01 LOOP_U1=  9.91903E-01+  1.26996E-01i KLP=  46  47  59  58  46 WKC=  0.20833 -0.29167  0.00000 STRM=  0 S(ARG)=  1.27340E-01 SMIN=  7.43641E-01
#IK= 113 NK= -1.000 FLUX= -2.89760E-01 LOOP_U1=  9.58312E-01+  2.85722E-01i KLP=  45  46  58  57  45 WKC=  0.29167 -0.29167  0.00000 STRM=  0 S(ARG)= -5.99343E+00 SMIN=  7.13968E-01
#IK= 114 NK= -1.000 FLUX= -3.87474E-01 LOOP_U1=  9.25866E-01+  3.77851E-01i KLP=  44  45  57  56  44 WKC=  0.37500 -0.29167  0.00000 STRM=  0 S(ARG)= -5.89571E+00 SMIN=  7.13968E-01
#IK= 115 NK= -1.000 FLUX= -1.81518E-01 LOOP_U1=  9.83571E-01+  1.80523E-01i KLP=  43  44  56  55  43 WKC=  0.45833 -0.29167  0.00000 STRM=  0 S(ARG)= -6.10167E+00 SMIN=  7.23777E-01
#IK= 116 NK=  0.000 FLUX= -9.87634E-02 LOOP_U1=  9.95127E-01+  9.86029E-02i KLP=  42  43  55  54  42 WKC= -0.45833 -0.29167  0.00000 STRM=  0 S(ARG)=  9.87634E-02 SMIN=  7.48193E-01
#IK= 117 NK=  0.000 FLUX= -6.28459E-02 LOOP_U1=  9.98026E-01+  6.28046E-02i KLP=  41  42  54  53  41 WKC= -0.37500 -0.29167  0.00000 STRM=  0 S(ARG)=  6.28459E-02 SMIN=  7.60393E-01
#IK= 118 NK=  0.000 FLUX=  3.22634E-06 LOOP_U1=  1.00000E+00+ -3.22634E-06i KLP=  40  41  53  52  40 WKC= -0.29167 -0.29167  0.00000 STRM=  0 S(ARG)= -3.22634E-06 SMIN=  7.64989E-01
#IK= 119 NK=  0.000 FLUX=  7.77791E-02 LOOP_U1=  9.96977E-01+ -7.77007E-02i KLP=  39  40  52  51  39 WKC= -0.20833 -0.29167  0.00000 STRM=  0 S(ARG)= -7.77791E-02 SMIN=  7.50269E-01
#IK= 120 NK=  0.000 FLUX=  1.05057E-01 LOOP_U1=  9.94487E-01+ -1.04864E-01i KLP=  38  39  51  50  38 WKC= -0.12500 -0.29167  0.00000 STRM=  0 S(ARG)= -1.05057E-01 SMIN=  7.45099E-01
#IK= 121 NK=  0.000 FLUX=  4.07493E-02 LOOP_U1=  9.99170E-01+ -4.07380E-02i KLP=  25  26  38  37  25 WKC= -0.04167 -0.20833  0.00000 STRM=  0 S(ARG)= -4.07493E-02 SMIN=  7.46392E-01
#IK= 122 NK=  1.000 FLUX= -4.39396E-02 LOOP_U1=  9.99035E-01+  4.39254E-02i KLP=  36  25  37  48  36 WKC=  0.04167 -0.20833  0.00000 STRM=  0 S(ARG)=  6.32712E+00 SMIN=  7.51133E-01
#IK= 123 NK= -1.000 FLUX= -1.06169E-01 LOOP_U1=  9.94369E-01+  1.05970E-01i KLP=  35  36  48  47  35 WKC=  0.12500 -0.20833  0.00000 STRM=  0 S(ARG)= -6.17702E+00 SMIN=  7.54272E-01
#IK= 124 NK=  0.000 FLUX= -1.11572E-01 LOOP_U1=  9.93782E-01+  1.11341E-01i KLP=  34  35  47  46  34 WKC=  0.20833 -0.20833  0.00000 STRM=  0 S(ARG)=  1.11572E-01 SMIN=  7.59640E-01
#IK= 125 NK=  0.000 FLUX= -1.27341E-01 LOOP_U1=  9.91903E-01+  1.26997E-01i KLP=  33  34  46  45  33 WKC=  0.29167 -0.20833  0.00000 STRM=  0 S(ARG)=  1.27341E-01 SMIN=  7.43641E-01
#IK= 126 NK=  1.000 FLUX= -2.01972E-01 LOOP_U1=  9.79673E-01+  2.00602E-01i KLP=  32  33  45  44  32 WKC=  0.37500 -0.20833  0.00000 STRM=  0 S(ARG)=  6.48516E+00 SMIN=  7.20429E-01
#IK= 127 NK=  1.000 FLUX= -1.58389E-01 LOOP_U1=  9.87483E-01+  1.57727E-01i KLP=  31  32  44  43  31 WKC=  0.45833 -0.20833  0.00000 STRM=  0 S(ARG)=  6.44157E+00 SMIN=  7.43340E-01
#IK= 128 NK=  1.000 FLUX= -1.08033E-01 LOOP_U1=  9.94170E-01+  1.07823E-01i KLP=  30  31  43  42  30 WKC= -0.45833 -0.20833  0.00000 STRM=  0 S(ARG)=  6.39122E+00 SMIN=  7.48193E-01
#IK= 129 NK=  0.000 FLUX= -1.12554E-01 LOOP_U1=  9.93672E-01+  1.12316E-01i KLP=  29  30  42  41  29 WKC= -0.37500 -0.20833  0.00000 STRM=  0 S(ARG)=  1.12554E-01 SMIN=  7.50269E-01
#IK= 130 NK=  0.000 FLUX= -7.77771E-02 LOOP_U1=  9.96977E-01+  7.76988E-02i KLP=  28  29  41  40  28 WKC= -0.29167 -0.20833  0.00000 STRM=  0 S(ARG)=  7.77771E-02 SMIN=  7.50269E-01
#IK= 131 NK=  1.000 FLUX= -9.94364E-07 LOOP_U1=  1.00000E+00+  9.94364E-07i KLP=  27  28  40  39  27 WKC= -0.20833 -0.20833  0.00000 STRM=  0 S(ARG)=  6.28319E+00 SMIN=  7.51133E-01
#IK= 132 NK=  0.000 FLUX=  6.73184E-02 LOOP_U1=  9.97735E-01+ -6.72676E-02i KLP=  26  27  39  38  26 WKC= -0.12500 -0.20833  0.00000 STRM=  0 S(ARG)= -6.73184E-02 SMIN=  7.45099E-01
#IK= 133 NK=  0.000 FLUX=  1.71827E-02 LOOP_U1=  9.99852E-01+ -1.71819E-02i KLP=  13  14  26  25  13 WKC= -0.04167 -0.12500  0.00000 STRM=  0 S(ARG)= -1.71827E-02 SMIN=  7.47863E-01
#IK= 134 NK=  0.000 FLUX= -3.12441E-02 LOOP_U1=  9.99512E-01+  3.12390E-02i KLP=  24  13  25  36  24 WKC=  0.04167 -0.12500  0.00000 STRM=  0 S(ARG)=  3.12441E-02 SMIN=  7.46392E-01
#IK= 135 NK=  0.000 FLUX= -9.77925E-02 LOOP_U1=  9.95222E-01+  9.76367E-02i KLP=  23  24  36  35  23 WKC=  0.12500 -0.12500  0.00000 STRM=  0 S(ARG)=  9.77925E-02 SMIN=  7.46392E-01
#IK= 136 NK= -1.000 FLUX= -1.06171E-01 LOOP_U1=  9.94369E-01+  1.05971E-01i KLP=  22  23  35  34  22 WKC=  0.20833 -0.12500  0.00000 STRM=  0 S(ARG)= -6.17701E+00 SMIN=  7.54272E-01
#IK= 137 NK=  1.000 FLUX= -8.44243E-02 LOOP_U1=  9.96438E-01+  8.43240E-02i KLP=  21  22  34  33  21 WKC=  0.29167 -0.12500  0.00000 STRM=  0 S(ARG)=  6.36761E+00 SMIN=  7.63859E-01
#IK= 138 NK= -1.000 FLUX= -9.54706E-02 LOOP_U1=  9.95446E-01+  9.53257E-02i KLP=  20  21  33  32  20 WKC=  0.37500 -0.12500  0.00000 STRM=  0 S(ARG)= -6.18771E+00 SMIN=  7.56148E-01
#IK= 139 NK=  0.000 FLUX= -1.05335E-01 LOOP_U1=  9.94457E-01+  1.05141E-01i KLP=  19  20  32  31  19 WKC=  0.45833 -0.12500  0.00000 STRM=  0 S(ARG)=  1.05335E-01 SMIN=  7.56148E-01
#IK= 140 NK= -1.000 FLUX= -8.22026E-02 LOOP_U1=  9.96623E-01+  8.21100E-02i KLP=  18  19  31  30  18 WKC= -0.45833 -0.12500  0.00000 STRM=  0 S(ARG)= -6.20098E+00 SMIN=  7.60393E-01
#IK= 141 NK=  0.000 FLUX= -9.46827E-02 LOOP_U1=  9.95521E-01+  9.45413E-02i KLP=  17  18  30  29  17 WKC= -0.37500 -0.12500  0.00000 STRM=  0 S(ARG)=  9.46827E-02 SMIN=  7.50269E-01
#IK= 142 NK=  0.000 FLUX= -1.05054E-01 LOOP_U1=  9.94487E-01+  1.04861E-01i KLP=  16  17  29  28  16 WKC= -0.29167 -0.12500  0.00000 STRM=  0 S(ARG)=  1.05054E-01 SMIN=  7.45099E-01
#IK= 143 NK= -0.000 FLUX= -6.73217E-02 LOOP_U1=  9.97735E-01+  6.72708E-02i KLP=  15  16  28  27  15 WKC= -0.20833 -0.12500  0.00000 STRM=  0 S(ARG)=  6.73217E-02 SMIN=  7.45099E-01
#IK= 144 NK= -1.000 FLUX=  5.54822E-07 LOOP_U1=  1.00000E+00+ -5.54822E-07i KLP=  14  15  27  26  14 WKC= -0.12500 -0.12500  0.00000 STRM=  0 S(ARG)= -6.28319E+00 SMIN=  7.49982E-01
# Z2 PASS field staged; awaiting NFIELD output
# Z2 field total Chern:   3.07218E-14
# Z2 field minimum link s.v.:   7.13968E-01
# Z2 field max TR flux residual:   2.77556E-14
# Z2 field max n integer residual:   8.83487E-18
  
# DONE!
# Fukui-Hatsugai Z2 BANDS:    1 -   18
# Z2 invariant (top half BZ) =  0
# Z2 invariant (bottom half BZ) =  0
# Z2 invariant =  0
# Top/bottom half-BZ consistency: PASS.
# Z2 field diagnostic file: Z2_FIELD.csv
 end of program
