 # VASPBERRY (Ver 1.3.0), by Hyun-Jung Kim. 2026. Sep. 19.                                                                                                                                                                                                       
 #This program calculates (1)berry curvature omega(k) 
 #for closed loop C on a small patches in k-space,
 #and (2) degree of optical selectivity between 
 #two bands specified, and (3) a 2D Z2 invariant by
 #the Fukui-Hatsugai lattice n-field method.
  
 #!!!!!!!!!!!!!!!!!!!!!!!!!!!!!!!!!!!!!!!!!!!!!!!!!!!!!
 #! Copyright 2015. Hyun-Jung Kim All rights reserved.!
 #!        https://github.com/Infant83/VASPBERRY       !
 #!             Hanyang Univ. 2015.Apr.05.            !
 #!!!!!!!!!!!!!!!!!!!!!!!!!!!!!!!!!!!!!!!!!!!!!!!!!!!!!
  
 #*Ref1: T. Fukui, Y. Hatsugai, and H. Suzuki, 
 #       J. Phys. Soc. Jpn. 74, 1674 (2005),
 #       DOI 10.1143/JPSJ.74.1674
 #     'Chern Numbers in Discretized Brillouin Zone: 
 #  Efficient Method of Computing (Spin) Hall Conductances'
 #*Ref2: T. Fukui and Y. Hatsugai, J. Phys. Soc. Jpn.
 #       76, 053702 (2007), DOI 10.1143/JPSJ.76.053702
 #     'Lattice Computation of Z2 Topological 
 #      Invariants and Its Application to Bi and Sb'
 #*Ref3: R. Resta, J. Phys.: Condens. Matter. 12, R107 (2000)
 #     'Menifestations of Berry's phase in molecules 
 #      and condensed matter'
 #*Ref4: W. Yao, D. Xiao, and Q. Niu, PRB 77, 235406 (2008)
 #     'Valley-dependent optoelectronics from inversion
 #      symmetry breaking'
 #*Ref5: http://www.andrew.cmu.edu/user/feenstra/wavetrans/
 #       R. M. Feenstra and M. Widom                  
 #       some routines has been adopted from WAVETRANS
 #*      routines for Wavefunction reading and G 
 #       matching 
  
 #*Syntax:
 # ./vaspberry -f file -kx nx -ky ny -s 2 -ii ni -if nf
 #*  (or) ./vaspberry -f file -kx nx -ky ny -s 2 -is n 
  
 #*For the detailed help: ./vaspberry -h
  
  
# File reading... : WAVECAR                                                                                                                                                                                                                                                         
# TOTAL RECORD LENGTH =     73200
# NELECT     :     10
# ISPIN      :      1 (LSORBIT =.TRUE.)
# ENCUT (eV) :    400.0000
# NKPOINT    :    144
#  K-GRID    :     12   X  12
# NBANDS     :     48
# LATTVEC A1 :      4.388842     0.000000     0.000000
# LATTVEC A2 :      2.194421     3.800849     0.000000
# LATTVEC A3 :      0.000000     0.000000    15.000000
# RECIVEC B1 :      1.431627    -0.826550     0.000000
# RECIVEC B2 :      0.000000     1.653101     0.000000
# RECIVEC B3 :      0.000000     0.000000     0.418879
#  dk^2 = |dk1xk2| =      0.016435
# NPMAX      :  11728
#  NB1MAX    :      8
#  NB2MAX    :      8
#  NB3MAX    :     25
  
  
#IK=   1 NK=  0.000 FLUX= -4.75299E-09 LOOP_U1=  1.00000E+00+  4.75299E-09i KLP=   1  13  14   2   1 WKC= -0.04167 -0.04167  0.00000 STRM=  4 S(ARG)=  4.75299E-09 SMIN=  7.98681E-01
#IK=   2 NK=  0.000 FLUX=  3.28509E-09 LOOP_U1=  1.00000E+00+ -3.28509E-09i KLP=   2 134  13   1   2 WKC= -0.04167  0.04167  0.00000 STRM= -4 S(ARG)= -3.28509E-09 SMIN=  7.98681E-01
#IK=   3 NK=  0.000 FLUX= -1.81914E-09 LOOP_U1=  1.00000E+00+  1.81914E-09i KLP=   3 135 134   2   3 WKC= -0.04167  0.12500  0.00000 STRM=  0 S(ARG)=  1.81914E-09 SMIN=  9.82941E-01
#IK=   4 NK= -1.000 FLUX=  4.74178E-09 LOOP_U1=  1.00000E+00+ -4.74178E-09i KLP=   4 136 135   3   4 WKC= -0.04167  0.20833  0.00000 STRM=  0 S(ARG)= -6.28319E+00 SMIN=  1.00946E+00
#IK=   5 NK=  0.000 FLUX= -1.35164E-09 LOOP_U1=  1.00000E+00+  1.35164E-09i KLP=   5 137 136   4   5 WKC= -0.04167  0.29167  0.00000 STRM=  0 S(ARG)=  1.35164E-09 SMIN=  1.03392E+00
#IK=   6 NK=  0.000 FLUX= -1.03289E-09 LOOP_U1=  1.00000E+00+  1.03289E-09i KLP=   6 138 137   5   6 WKC= -0.04167  0.37500  0.00000 STRM=  0 S(ARG)=  1.03289E-09 SMIN=  1.05422E+00
#IK=   7 NK=  1.000 FLUX=  4.93293E-10 LOOP_U1=  1.00000E+00+ -4.93293E-10i KLP=   7 139 138   6   7 WKC= -0.04167  0.45833  0.00000 STRM=  2 S(ARG)=  6.28319E+00 SMIN=  1.06204E+00
#IK=   8 NK=  0.000 FLUX= -7.78910E-10 LOOP_U1=  1.00000E+00+  7.78910E-10i KLP=   6  18 139   7   6 WKC= -0.04167 -0.45833  0.00000 STRM= -2 S(ARG)=  7.78910E-10 SMIN=  1.05385E+00
#IK=   9 NK=  0.000 FLUX= -1.01311E-09 LOOP_U1=  1.00000E+00+  1.01311E-09i KLP=   5  17  18   6   5 WKC= -0.04167 -0.37500  0.00000 STRM=  0 S(ARG)=  1.01311E-09 SMIN=  1.03172E+00
#IK=  10 NK=  0.000 FLUX=  2.04259E-09 LOOP_U1=  1.00000E+00+ -2.04259E-09i KLP=   4  16  17   5   4 WKC= -0.04167 -0.29167  0.00000 STRM=  0 S(ARG)= -2.04259E-09 SMIN=  1.00614E+00
#IK=  11 NK= -1.000 FLUX= -2.50182E-09 LOOP_U1=  1.00000E+00+  2.50182E-09i KLP=   3  15  16   4   3 WKC= -0.04167 -0.20833  0.00000 STRM=  0 S(ARG)= -6.28319E+00 SMIN=  9.86574E-01
#IK=  12 NK=  0.000 FLUX= -1.10351E-09 LOOP_U1=  1.00000E+00+  1.10351E-09i KLP=   2  14  15   3   2 WKC= -0.04167 -0.12500  0.00000 STRM=  0 S(ARG)=  1.10351E-09 SMIN=  8.27840E-01
#IK=  13 NK=  0.000 FLUX= -3.28509E-09 LOOP_U1=  1.00000E+00+  3.28509E-09i KLP=  13   1   2 134  13 WKC=  0.04167 -0.04167  0.00000 STRM= -4 S(ARG)=  3.28509E-09 SMIN=  7.98681E-01
#IK=  14 NK=  0.000 FLUX=  4.75299E-09 LOOP_U1=  1.00000E+00+ -4.75299E-09i KLP=  14   2   1  13  14 WKC=  0.04167  0.04167  0.00000 STRM=  4 S(ARG)= -4.75299E-09 SMIN=  7.98681E-01
#IK=  15 NK=  0.000 FLUX=  1.10352E-09 LOOP_U1=  1.00000E+00+ -1.10352E-09i KLP=  15   3   2  14  15 WKC=  0.04167  0.12500  0.00000 STRM=  0 S(ARG)= -1.10352E-09 SMIN=  8.27840E-01
#IK=  16 NK=  1.000 FLUX=  2.50182E-09 LOOP_U1=  1.00000E+00+ -2.50182E-09i KLP=  16   4   3  15  16 WKC=  0.04167  0.20833  0.00000 STRM=  0 S(ARG)=  6.28319E+00 SMIN=  9.86574E-01
#IK=  17 NK=  0.000 FLUX= -2.04259E-09 LOOP_U1=  1.00000E+00+  2.04259E-09i KLP=  17   5   4  16  17 WKC=  0.04167  0.29167  0.00000 STRM=  0 S(ARG)=  2.04259E-09 SMIN=  1.00614E+00
#IK=  18 NK=  0.000 FLUX=  1.01310E-09 LOOP_U1=  1.00000E+00+ -1.01310E-09i KLP=  18   6   5  17  18 WKC=  0.04167  0.37500  0.00000 STRM=  0 S(ARG)= -1.01310E-09 SMIN=  1.03172E+00
#IK=  19 NK=  0.000 FLUX=  7.78905E-10 LOOP_U1=  1.00000E+00+ -7.78905E-10i KLP= 139   7   6  18 139 WKC=  0.04167  0.45833  0.00000 STRM= -2 S(ARG)= -7.78905E-10 SMIN=  1.05385E+00
#IK=  20 NK= -1.000 FLUX= -4.93298E-10 LOOP_U1=  1.00000E+00+  4.93298E-10i KLP= 138   6   7 139 138 WKC=  0.04167 -0.45833  0.00000 STRM=  2 S(ARG)= -6.28319E+00 SMIN=  1.06204E+00
#IK=  21 NK=  0.000 FLUX=  1.03288E-09 LOOP_U1=  1.00000E+00+ -1.03288E-09i KLP= 137   5   6 138 137 WKC=  0.04167 -0.37500  0.00000 STRM=  0 S(ARG)= -1.03288E-09 SMIN=  1.05422E+00
#IK=  22 NK=  0.000 FLUX=  1.35164E-09 LOOP_U1=  1.00000E+00+ -1.35164E-09i KLP= 136   4   5 137 136 WKC=  0.04167 -0.29167  0.00000 STRM=  0 S(ARG)= -1.35164E-09 SMIN=  1.03392E+00
#IK=  23 NK=  1.000 FLUX= -4.74177E-09 LOOP_U1=  1.00000E+00+  4.74178E-09i KLP= 135   3   4 136 135 WKC=  0.04167 -0.20833  0.00000 STRM=  0 S(ARG)=  6.28319E+00 SMIN=  1.00946E+00
#IK=  24 NK=  0.000 FLUX=  1.81913E-09 LOOP_U1=  1.00000E+00+ -1.81913E-09i KLP= 134   2   3 135 134 WKC=  0.04167 -0.12500  0.00000 STRM=  0 S(ARG)= -1.81913E-09 SMIN=  9.82941E-01
#IK=  25 NK=  0.000 FLUX= -1.19875E-08 LOOP_U1=  1.00000E+00+  1.19875E-08i KLP=  25  13 134 122  25 WKC=  0.12500 -0.04167  0.00000 STRM=  0 S(ARG)=  1.19875E-08 SMIN=  9.82941E-01
#IK=  26 NK=  0.000 FLUX= -6.39779E-09 LOOP_U1=  1.00000E+00+  6.39779E-09i KLP=  26  14  13  25  26 WKC=  0.12500  0.04167  0.00000 STRM=  0 S(ARG)=  6.39779E-09 SMIN=  8.27840E-01
#IK=  27 NK=  1.000 FLUX= -4.23085E-09 LOOP_U1=  1.00000E+00+  4.23085E-09i KLP=  27  15  14  26  27 WKC=  0.12500  0.12500  0.00000 STRM=  0 S(ARG)=  6.28319E+00 SMIN=  9.82942E-01
#IK=  28 NK=  0.000 FLUX= -9.21609E-10 LOOP_U1=  1.00000E+00+  9.21609E-10i KLP=  28  16  15  27  28 WKC=  0.12500  0.20833  0.00000 STRM=  0 S(ARG)=  9.21609E-10 SMIN=  9.86574E-01
#IK=  29 NK= -1.000 FLUX= -2.57618E-09 LOOP_U1=  1.00000E+00+  2.57618E-09i KLP=  29  17  16  28  29 WKC=  0.12500  0.29167  0.00000 STRM=  0 S(ARG)= -6.28319E+00 SMIN=  1.08011E+00
#IK=  30 NK=  0.000 FLUX=  1.68044E-09 LOOP_U1=  1.00000E+00+ -1.68044E-09i KLP=  30  18  17  29  30 WKC=  0.12500  0.37500  0.00000 STRM=  0 S(ARG)= -1.68044E-09 SMIN=  1.08690E+00
#IK=  31 NK=  0.000 FLUX= -2.78267E-09 LOOP_U1=  1.00000E+00+  2.78267E-09i KLP= 127 139  18  30 127 WKC=  0.12500  0.45833  0.00000 STRM=  0 S(ARG)=  2.78267E-09 SMIN=  1.08891E+00
#IK=  32 NK=  1.000 FLUX=  8.30126E-10 LOOP_U1=  1.00000E+00+ -8.30126E-10i KLP= 126 138 139 127 126 WKC=  0.12500 -0.45833  0.00000 STRM=  0 S(ARG)=  6.28319E+00 SMIN=  1.09248E+00
#IK=  33 NK=  0.000 FLUX= -1.45222E-10 LOOP_U1=  1.00000E+00+  1.45222E-10i KLP= 125 137 138 126 125 WKC=  0.12500 -0.37500  0.00000 STRM=  0 S(ARG)=  1.45222E-10 SMIN=  1.09475E+00
#IK=  34 NK=  0.000 FLUX=  1.31954E-10 LOOP_U1=  1.00000E+00+ -1.31954E-10i KLP= 124 136 137 125 124 WKC=  0.12500 -0.29167  0.00000 STRM=  0 S(ARG)= -1.31954E-10 SMIN=  1.09615E+00
#IK=  35 NK=  0.000 FLUX= -1.21000E-09 LOOP_U1=  1.00000E+00+  1.21000E-09i KLP= 123 135 136 124 123 WKC=  0.12500 -0.20833  0.00000 STRM=  0 S(ARG)=  1.21000E-09 SMIN=  1.09585E+00
#IK=  36 NK=  0.000 FLUX=  2.27311E-09 LOOP_U1=  1.00000E+00+ -2.27311E-09i KLP= 122 134 135 123 122 WKC=  0.12500 -0.12500  0.00000 STRM=  0 S(ARG)= -2.27311E-09 SMIN=  1.09283E+00
#IK=  37 NK=  0.000 FLUX= -2.02520E-09 LOOP_U1=  1.00000E+00+  2.02520E-09i KLP=  37  25 122 110  37 WKC=  0.20833 -0.04167  0.00000 STRM=  0 S(ARG)=  2.02520E-09 SMIN=  1.00946E+00
#IK=  38 NK= -1.000 FLUX=  4.47121E-09 LOOP_U1=  1.00000E+00+ -4.47121E-09i KLP=  38  26  25  37  38 WKC=  0.20833  0.04167  0.00000 STRM=  0 S(ARG)= -6.28319E+00 SMIN=  9.86574E-01
#IK=  39 NK=  0.000 FLUX= -2.19400E-09 LOOP_U1=  1.00000E+00+  2.19400E-09i KLP=  39  27  26  38  39 WKC=  0.20833  0.12500  0.00000 STRM=  0 S(ARG)=  2.19400E-09 SMIN=  9.86574E-01
#IK=  40 NK= -1.000 FLUX=  5.83821E-09 LOOP_U1=  1.00000E+00+ -5.83821E-09i KLP=  40  28  27  39  40 WKC=  0.20833  0.20833  0.00000 STRM=  0 S(ARG)= -6.28319E+00 SMIN=  1.00614E+00
#IK=  41 NK=  0.000 FLUX=  1.46069E-09 LOOP_U1=  1.00000E+00+ -1.46069E-09i KLP=  41  29  28  40  41 WKC=  0.20833  0.29167  0.00000 STRM=  0 S(ARG)= -1.46069E-09 SMIN=  1.00614E+00
#IK=  42 NK=  1.000 FLUX=  7.44915E-10 LOOP_U1=  1.00000E+00+ -7.44915E-10i KLP=  42  30  29  41  42 WKC=  0.20833  0.37500  0.00000 STRM=  0 S(ARG)=  6.28319E+00 SMIN=  1.08690E+00
#IK=  43 NK= -1.000 FLUX= -3.16457E-09 LOOP_U1=  1.00000E+00+  3.16457E-09i KLP= 115 127  30  42 115 WKC=  0.20833  0.45833  0.00000 STRM=  0 S(ARG)= -6.28319E+00 SMIN=  1.09536E+00
#IK=  44 NK=  0.000 FLUX= -7.36645E-10 LOOP_U1=  1.00000E+00+  7.36645E-10i KLP= 114 126 127 115 114 WKC=  0.20833 -0.45833  0.00000 STRM=  0 S(ARG)=  7.36645E-10 SMIN=  1.09610E+00
#IK=  45 NK= -1.000 FLUX= -1.47005E-09 LOOP_U1=  1.00000E+00+  1.47005E-09i KLP= 113 125 126 114 113 WKC=  0.20833 -0.37500  0.00000 STRM=  0 S(ARG)= -6.28319E+00 SMIN=  1.09780E+00
#IK=  46 NK=  0.000 FLUX=  1.67455E-09 LOOP_U1=  1.00000E+00+ -1.67455E-09i KLP= 112 124 125 113 112 WKC=  0.20833 -0.29167  0.00000 STRM=  0 S(ARG)= -1.67455E-09 SMIN=  1.09975E+00
#IK=  47 NK= -1.000 FLUX= -2.24147E-09 LOOP_U1=  1.00000E+00+  2.24147E-09i KLP= 111 123 124 112 111 WKC=  0.20833 -0.20833  0.00000 STRM=  0 S(ARG)= -6.28319E+00 SMIN=  1.10127E+00
#IK=  48 NK=  1.000 FLUX=  5.42653E-09 LOOP_U1=  1.00000E+00+ -5.42652E-09i KLP= 110 122 123 111 110 WKC=  0.20833 -0.12500  0.00000 STRM=  0 S(ARG)=  6.28319E+00 SMIN=  1.09585E+00
#IK=  49 NK=  1.000 FLUX= -2.58918E-09 LOOP_U1=  1.00000E+00+  2.58918E-09i KLP=  49  37 110  98  49 WKC=  0.29167 -0.04167  0.00000 STRM=  0 S(ARG)=  6.28319E+00 SMIN=  1.03392E+00
#IK=  50 NK=  0.000 FLUX=  4.49007E-10 LOOP_U1=  1.00000E+00+ -4.49007E-10i KLP=  50  38  37  49  50 WKC=  0.29167  0.04167  0.00000 STRM=  0 S(ARG)= -4.49007E-10 SMIN=  1.00614E+00
#IK=  51 NK=  1.000 FLUX=  1.14424E-10 LOOP_U1=  1.00000E+00+ -1.14425E-10i KLP=  51  39  38  50  51 WKC=  0.29167  0.12500  0.00000 STRM=  0 S(ARG)=  6.28319E+00 SMIN=  1.08011E+00
#IK=  52 NK=  0.000 FLUX=  1.42208E-09 LOOP_U1=  1.00000E+00+ -1.42208E-09i KLP=  52  40  39  51  52 WKC=  0.29167  0.20833  0.00000 STRM=  0 S(ARG)= -1.42208E-09 SMIN=  1.00614E+00
#IK=  53 NK=  0.000 FLUX= -3.76337E-10 LOOP_U1=  1.00000E+00+  3.76337E-10i KLP=  53  41  40  52  53 WKC=  0.29167  0.29167  0.00000 STRM=  0 S(ARG)=  3.76337E-10 SMIN=  1.03172E+00
#IK=  54 NK=  0.000 FLUX= -1.09291E-10 LOOP_U1=  1.00000E+00+  1.09291E-10i KLP=  54  42  41  53  54 WKC=  0.29167  0.37500  0.00000 STRM=  0 S(ARG)=  1.09291E-10 SMIN=  1.03172E+00
#IK=  55 NK=  0.000 FLUX=  4.53085E-10 LOOP_U1=  1.00000E+00+ -4.53085E-10i KLP= 103 115  42  54 103 WKC=  0.29167  0.45833  0.00000 STRM=  0 S(ARG)= -4.53085E-10 SMIN=  1.08891E+00
#IK=  56 NK=  0.000 FLUX= -3.59822E-10 LOOP_U1=  1.00000E+00+  3.59822E-10i KLP= 102 114 115 103 102 WKC=  0.29167 -0.45833  0.00000 STRM=  0 S(ARG)=  3.59822E-10 SMIN=  1.09610E+00
#IK=  57 NK=  0.000 FLUX=  3.42351E-09 LOOP_U1=  1.00000E+00+ -3.42351E-09i KLP= 101 113 114 102 101 WKC=  0.29167 -0.37500  0.00000 STRM=  0 S(ARG)= -3.42351E-09 SMIN=  1.09670E+00
#IK=  58 NK= -1.000 FLUX= -5.02102E-10 LOOP_U1=  1.00000E+00+  5.02101E-10i KLP= 100 112 113 101 100 WKC=  0.29167 -0.29167  0.00000 STRM=  0 S(ARG)= -6.28319E+00 SMIN=  1.09878E+00
#IK=  59 NK=  1.000 FLUX= -1.54345E-09 LOOP_U1=  1.00000E+00+  1.54345E-09i KLP=  99 111 112 100  99 WKC=  0.29167 -0.20833  0.00000 STRM=  0 S(ARG)=  6.28319E+00 SMIN=  1.09975E+00
#IK=  60 NK= -1.000 FLUX=  2.76857E-10 LOOP_U1=  1.00000E+00+ -2.76857E-10i KLP=  98 110 111  99  98 WKC=  0.29167 -0.12500  0.00000 STRM=  0 S(ARG)= -6.28319E+00 SMIN=  1.09615E+00
#IK=  61 NK=  0.000 FLUX=  8.83537E-10 LOOP_U1=  1.00000E+00+ -8.83537E-10i KLP=  61  49  98  86  61 WKC=  0.37500 -0.04167  0.00000 STRM=  0 S(ARG)= -8.83537E-10 SMIN=  1.05422E+00
#IK=  62 NK=  0.000 FLUX= -2.57660E-10 LOOP_U1=  1.00000E+00+  2.57660E-10i KLP=  62  50  49  61  62 WKC=  0.37500  0.04167  0.00000 STRM=  0 S(ARG)=  2.57660E-10 SMIN=  1.03172E+00
#IK=  63 NK=  0.000 FLUX=  1.97149E-09 LOOP_U1=  1.00000E+00+ -1.97149E-09i KLP=  63  51  50  62  63 WKC=  0.37500  0.12500  0.00000 STRM=  0 S(ARG)= -1.97149E-09 SMIN=  1.08690E+00
#IK=  64 NK=  0.000 FLUX= -1.12763E-09 LOOP_U1=  1.00000E+00+  1.12763E-09i KLP=  64  52  51  63  64 WKC=  0.37500  0.20833  0.00000 STRM=  0 S(ARG)=  1.12763E-09 SMIN=  1.08690E+00
#IK=  65 NK=  0.000 FLUX=  1.73351E-09 LOOP_U1=  1.00000E+00+ -1.73351E-09i KLP=  65  53  52  64  65 WKC=  0.37500  0.29167  0.00000 STRM=  0 S(ARG)= -1.73351E-09 SMIN=  1.03172E+00
#IK=  66 NK=  0.000 FLUX=  1.05369E-09 LOOP_U1=  1.00000E+00+ -1.05369E-09i KLP=  66  54  53  65  66 WKC=  0.37500  0.37500  0.00000 STRM=  0 S(ARG)= -1.05369E-09 SMIN=  1.05385E+00
#IK=  67 NK= -1.000 FLUX=  3.82106E-09 LOOP_U1=  1.00000E+00+ -3.82106E-09i KLP=  91 103  54  66  91 WKC=  0.37500  0.45833  0.00000 STRM=  0 S(ARG)= -6.28319E+00 SMIN=  1.05385E+00
#IK=  68 NK=  1.000 FLUX=  3.07167E-09 LOOP_U1=  1.00000E+00+ -3.07167E-09i KLP=  90 102 103  91  90 WKC=  0.37500 -0.45833  0.00000 STRM=  0 S(ARG)=  6.28319E+00 SMIN=  1.09248E+00
#IK=  69 NK=  0.000 FLUX=  3.21122E-10 LOOP_U1=  1.00000E+00+ -3.21122E-10i KLP=  89 101 102  90  89 WKC=  0.37500 -0.37500  0.00000 STRM=  0 S(ARG)= -3.21122E-10 SMIN=  1.09780E+00
#IK=  70 NK=  1.000 FLUX= -8.76416E-11 LOOP_U1=  1.00000E+00+  8.76418E-11i KLP=  88 100 101  89  88 WKC=  0.37500 -0.29167  0.00000 STRM=  0 S(ARG)=  6.28319E+00 SMIN=  1.09670E+00
#IK=  71 NK=  0.000 FLUX=  1.14573E-09 LOOP_U1=  1.00000E+00+ -1.14573E-09i KLP=  87  99 100  88  87 WKC=  0.37500 -0.20833  0.00000 STRM=  0 S(ARG)= -1.14573E-09 SMIN=  1.09780E+00
#IK=  72 NK= -1.000 FLUX= -6.95069E-10 LOOP_U1=  1.00000E+00+  6.95068E-10i KLP=  86  98  99  87  86 WKC=  0.37500 -0.12500  0.00000 STRM=  0 S(ARG)= -6.28319E+00 SMIN=  1.09475E+00
#IK=  73 NK=  0.000 FLUX= -1.15446E-09 LOOP_U1=  1.00000E+00+  1.15446E-09i KLP=  73  61  86  74  73 WKC=  0.45833 -0.04167  0.00000 STRM=  1 S(ARG)=  1.15446E-09 SMIN=  1.06204E+00
#IK=  74 NK= -1.000 FLUX= -8.95757E-10 LOOP_U1=  1.00000E+00+  8.95757E-10i KLP=  74  62  61  73  74 WKC=  0.45833  0.04167  0.00000 STRM= -1 S(ARG)= -6.28319E+00 SMIN=  1.05385E+00
#IK=  75 NK=  0.000 FLUX=  7.31209E-10 LOOP_U1=  1.00000E+00+ -7.31209E-10i KLP=  75  63  62  74  75 WKC=  0.45833  0.12500  0.00000 STRM=  0 S(ARG)= -7.31209E-10 SMIN=  1.08891E+00
#IK=  76 NK=  0.000 FLUX=  6.54261E-10 LOOP_U1=  1.00000E+00+ -6.54261E-10i KLP=  76  64  63  75  76 WKC=  0.45833  0.20833  0.00000 STRM=  0 S(ARG)= -6.54261E-10 SMIN=  1.09536E+00
#IK=  77 NK=  1.000 FLUX= -2.31359E-09 LOOP_U1=  1.00000E+00+  2.31359E-09i KLP=  77  65  64  76  77 WKC=  0.45833  0.29167  0.00000 STRM=  0 S(ARG)=  6.28319E+00 SMIN=  1.08891E+00
#IK=  78 NK=  0.000 FLUX= -1.14324E-09 LOOP_U1=  1.00000E+00+  1.14324E-09i KLP=  78  66  65  77  78 WKC=  0.45833  0.37500  0.00000 STRM=  0 S(ARG)=  1.14324E-09 SMIN=  1.05385E+00
#IK=  79 NK=  0.000 FLUX=  1.00806E-10 LOOP_U1=  1.00000E+00+ -1.00807E-10i KLP=  79  91  66  78  79 WKC=  0.45833  0.45833  0.00000 STRM=  3 S(ARG)= -1.00806E-10 SMIN=  1.06204E+00
#IK=  80 NK=  0.000 FLUX= -8.41984E-10 LOOP_U1=  1.00000E+00+  8.41984E-10i KLP=  78  90  91  79  78 WKC=  0.45833 -0.45833  0.00000 STRM= -3 S(ARG)=  8.41984E-10 SMIN=  1.06212E+00
#IK=  81 NK=  0.000 FLUX= -3.56848E-09 LOOP_U1=  1.00000E+00+  3.56848E-09i KLP=  77  89  90  78  77 WKC=  0.45833 -0.37500  0.00000 STRM=  0 S(ARG)=  3.56848E-09 SMIN=  1.09248E+00
#IK=  82 NK=  1.000 FLUX=  6.12601E-12 LOOP_U1=  1.00000E+00+ -6.12599E-12i KLP=  76  88  89  77  76 WKC=  0.45833 -0.29167  0.00000 STRM=  0 S(ARG)=  6.28319E+00 SMIN=  1.09610E+00
#IK=  83 NK= -1.000 FLUX= -1.22503E-09 LOOP_U1=  1.00000E+00+  1.22503E-09i KLP=  75  87  88  76  75 WKC=  0.45833 -0.20833  0.00000 STRM=  0 S(ARG)= -6.28319E+00 SMIN=  1.09610E+00
#IK=  84 NK=  1.000 FLUX= -2.42847E-09 LOOP_U1=  1.00000E+00+  2.42846E-09i KLP=  74  86  87  75  74 WKC=  0.45833 -0.12500  0.00000 STRM=  0 S(ARG)=  6.28319E+00 SMIN=  1.09248E+00
#IK=  85 NK=  1.000 FLUX=  8.95765E-10 LOOP_U1=  1.00000E+00+ -8.95765E-10i KLP=  61  73  74  62  61 WKC= -0.45833 -0.04167  0.00000 STRM= -1 S(ARG)=  6.28319E+00 SMIN=  1.05385E+00
#IK=  86 NK=  0.000 FLUX=  1.15446E-09 LOOP_U1=  1.00000E+00+ -1.15446E-09i KLP=  86  74  73  61  86 WKC= -0.45833  0.04167  0.00000 STRM=  1 S(ARG)= -1.15446E-09 SMIN=  1.06204E+00
#IK=  87 NK= -1.000 FLUX=  2.42845E-09 LOOP_U1=  1.00000E+00+ -2.42845E-09i KLP=  87  75  74  86  87 WKC= -0.45833  0.12500  0.00000 STRM=  0 S(ARG)= -6.28319E+00 SMIN=  1.09248E+00
#IK=  88 NK=  1.000 FLUX=  1.22502E-09 LOOP_U1=  1.00000E+00+ -1.22502E-09i KLP=  88  76  75  87  88 WKC= -0.45833  0.20833  0.00000 STRM=  0 S(ARG)=  6.28319E+00 SMIN=  1.09610E+00
#IK=  89 NK= -1.000 FLUX= -6.11091E-12 LOOP_U1=  1.00000E+00+  6.11097E-12i KLP=  89  77  76  88  89 WKC= -0.45833  0.29167  0.00000 STRM=  0 S(ARG)= -6.28319E+00 SMIN=  1.09610E+00
#IK=  90 NK=  0.000 FLUX=  3.56848E-09 LOOP_U1=  1.00000E+00+ -3.56848E-09i KLP=  90  78  77  89  90 WKC= -0.45833  0.37500  0.00000 STRM=  0 S(ARG)= -3.56848E-09 SMIN=  1.09248E+00
#IK=  91 NK=  0.000 FLUX=  8.41979E-10 LOOP_U1=  1.00000E+00+ -8.41979E-10i KLP=  91  79  78  90  91 WKC= -0.45833  0.45833  0.00000 STRM= -3 S(ARG)= -8.41979E-10 SMIN=  1.06212E+00
#IK=  92 NK=  0.000 FLUX= -1.00800E-10 LOOP_U1=  1.00000E+00+  1.00800E-10i KLP=  66  78  79  91  66 WKC= -0.45833 -0.45833  0.00000 STRM=  3 S(ARG)=  1.00800E-10 SMIN=  1.06204E+00
#IK=  93 NK=  0.000 FLUX=  1.14325E-09 LOOP_U1=  1.00000E+00+ -1.14325E-09i KLP=  65  77  78  66  65 WKC= -0.45833 -0.37500  0.00000 STRM=  0 S(ARG)= -1.14325E-09 SMIN=  1.05385E+00
#IK=  94 NK= -1.000 FLUX=  2.31360E-09 LOOP_U1=  1.00000E+00+ -2.31360E-09i KLP=  64  76  77  65  64 WKC= -0.45833 -0.29167  0.00000 STRM=  0 S(ARG)= -6.28319E+00 SMIN=  1.08891E+00
#IK=  95 NK=  0.000 FLUX= -6.54256E-10 LOOP_U1=  1.00000E+00+  6.54256E-10i KLP=  63  75  76  64  63 WKC= -0.45833 -0.20833  0.00000 STRM=  0 S(ARG)=  6.54256E-10 SMIN=  1.09536E+00
#IK=  96 NK=  0.000 FLUX= -7.31213E-10 LOOP_U1=  1.00000E+00+  7.31213E-10i KLP=  62  74  75  63  62 WKC= -0.45833 -0.12500  0.00000 STRM=  0 S(ARG)=  7.31213E-10 SMIN=  1.08891E+00
#IK=  97 NK=  0.000 FLUX=  2.57653E-10 LOOP_U1=  1.00000E+00+ -2.57653E-10i KLP=  49  61  62  50  49 WKC= -0.37500 -0.04167  0.00000 STRM=  0 S(ARG)= -2.57653E-10 SMIN=  1.03172E+00
#IK=  98 NK=  0.000 FLUX= -8.83538E-10 LOOP_U1=  1.00000E+00+  8.83538E-10i KLP=  98  86  61  49  98 WKC= -0.37500  0.04167  0.00000 STRM=  0 S(ARG)=  8.83538E-10 SMIN=  1.05422E+00
#IK=  99 NK=  1.000 FLUX=  6.95077E-10 LOOP_U1=  1.00000E+00+ -6.95077E-10i KLP=  99  87  86  98  99 WKC= -0.37500  0.12500  0.00000 STRM=  0 S(ARG)=  6.28319E+00 SMIN=  1.09475E+00
#IK= 100 NK=  0.000 FLUX= -1.14573E-09 LOOP_U1=  1.00000E+00+  1.14573E-09i KLP= 100  88  87  99 100 WKC= -0.37500  0.20833  0.00000 STRM=  0 S(ARG)=  1.14573E-09 SMIN=  1.09780E+00
#IK= 101 NK= -1.000 FLUX=  8.76496E-11 LOOP_U1=  1.00000E+00+ -8.76501E-11i KLP= 101  89  88 100 101 WKC= -0.37500  0.29167  0.00000 STRM=  0 S(ARG)= -6.28319E+00 SMIN=  1.09670E+00
#IK= 102 NK=  0.000 FLUX= -3.21135E-10 LOOP_U1=  1.00000E+00+  3.21135E-10i KLP= 102  90  89 101 102 WKC= -0.37500  0.37500  0.00000 STRM=  0 S(ARG)=  3.21135E-10 SMIN=  1.09780E+00
#IK= 103 NK= -1.000 FLUX= -3.07165E-09 LOOP_U1=  1.00000E+00+  3.07165E-09i KLP= 103  91  90 102 103 WKC= -0.37500  0.45833  0.00000 STRM=  0 S(ARG)= -6.28319E+00 SMIN=  1.09248E+00
#IK= 104 NK=  1.000 FLUX= -3.82105E-09 LOOP_U1=  1.00000E+00+  3.82105E-09i KLP=  54  66  91 103  54 WKC= -0.37500 -0.45833  0.00000 STRM=  0 S(ARG)=  6.28319E+00 SMIN=  1.05385E+00
#IK= 105 NK=  0.000 FLUX= -1.05370E-09 LOOP_U1=  1.00000E+00+  1.05370E-09i KLP=  53  65  66  54  53 WKC= -0.37500 -0.37500  0.00000 STRM=  0 S(ARG)=  1.05370E-09 SMIN=  1.05385E+00
#IK= 106 NK=  0.000 FLUX= -1.73352E-09 LOOP_U1=  1.00000E+00+  1.73352E-09i KLP=  52  64  65  53  52 WKC= -0.37500 -0.29167  0.00000 STRM=  0 S(ARG)=  1.73352E-09 SMIN=  1.03172E+00
#IK= 107 NK=  0.000 FLUX=  1.12764E-09 LOOP_U1=  1.00000E+00+ -1.12764E-09i KLP=  51  63  64  52  51 WKC= -0.37500 -0.20833  0.00000 STRM=  0 S(ARG)= -1.12764E-09 SMIN=  1.08690E+00
#IK= 108 NK=  0.000 FLUX= -1.97149E-09 LOOP_U1=  1.00000E+00+  1.97149E-09i KLP=  50  62  63  51  50 WKC= -0.37500 -0.12500  0.00000 STRM=  0 S(ARG)=  1.97149E-09 SMIN=  1.08690E+00
#IK= 109 NK=  0.000 FLUX= -4.49005E-10 LOOP_U1=  1.00000E+00+  4.49005E-10i KLP=  37  49  50  38  37 WKC= -0.29167 -0.04167  0.00000 STRM=  0 S(ARG)=  4.49005E-10 SMIN=  1.00614E+00
#IK= 110 NK= -1.000 FLUX=  2.58919E-09 LOOP_U1=  1.00000E+00+ -2.58919E-09i KLP= 110  98  49  37 110 WKC= -0.29167  0.04167  0.00000 STRM=  0 S(ARG)= -6.28319E+00 SMIN=  1.03392E+00
#IK= 111 NK=  1.000 FLUX= -2.76857E-10 LOOP_U1=  1.00000E+00+  2.76857E-10i KLP= 111  99  98 110 111 WKC= -0.29167  0.12500  0.00000 STRM=  0 S(ARG)=  6.28319E+00 SMIN=  1.09615E+00
#IK= 112 NK= -1.000 FLUX=  1.54344E-09 LOOP_U1=  1.00000E+00+ -1.54344E-09i KLP= 112 100  99 111 112 WKC= -0.29167  0.20833  0.00000 STRM=  0 S(ARG)= -6.28319E+00 SMIN=  1.09975E+00
#IK= 113 NK=  1.000 FLUX=  5.02107E-10 LOOP_U1=  1.00000E+00+ -5.02107E-10i KLP= 113 101 100 112 113 WKC= -0.29167  0.29167  0.00000 STRM=  0 S(ARG)=  6.28319E+00 SMIN=  1.09878E+00
#IK= 114 NK=  0.000 FLUX= -3.42350E-09 LOOP_U1=  1.00000E+00+  3.42350E-09i KLP= 114 102 101 113 114 WKC= -0.29167  0.37500  0.00000 STRM=  0 S(ARG)=  3.42350E-09 SMIN=  1.09670E+00
#IK= 115 NK=  0.000 FLUX=  3.59812E-10 LOOP_U1=  1.00000E+00+ -3.59812E-10i KLP= 115 103 102 114 115 WKC= -0.29167  0.45833  0.00000 STRM=  0 S(ARG)= -3.59812E-10 SMIN=  1.09610E+00
#IK= 116 NK=  0.000 FLUX= -4.53089E-10 LOOP_U1=  1.00000E+00+  4.53089E-10i KLP=  42  54 103 115  42 WKC= -0.29167 -0.45833  0.00000 STRM=  0 S(ARG)=  4.53089E-10 SMIN=  1.08891E+00
#IK= 117 NK=  0.000 FLUX=  1.09291E-10 LOOP_U1=  1.00000E+00+ -1.09291E-10i KLP=  41  53  54  42  41 WKC= -0.29167 -0.37500  0.00000 STRM=  0 S(ARG)= -1.09291E-10 SMIN=  1.03172E+00
#IK= 118 NK=  0.000 FLUX=  3.76339E-10 LOOP_U1=  1.00000E+00+ -3.76339E-10i KLP=  40  52  53  41  40 WKC= -0.29167 -0.29167  0.00000 STRM=  0 S(ARG)= -3.76339E-10 SMIN=  1.03172E+00
#IK= 119 NK=  0.000 FLUX= -1.42208E-09 LOOP_U1=  1.00000E+00+  1.42208E-09i KLP=  39  51  52  40  39 WKC= -0.29167 -0.20833  0.00000 STRM=  0 S(ARG)=  1.42208E-09 SMIN=  1.00614E+00
#IK= 120 NK= -1.000 FLUX= -1.14420E-10 LOOP_U1=  1.00000E+00+  1.14419E-10i KLP=  38  50  51  39  38 WKC= -0.29167 -0.12500  0.00000 STRM=  0 S(ARG)= -6.28319E+00 SMIN=  1.08011E+00
#IK= 121 NK=  1.000 FLUX= -4.47122E-09 LOOP_U1=  1.00000E+00+  4.47122E-09i KLP=  25  37  38  26  25 WKC= -0.20833 -0.04167  0.00000 STRM=  0 S(ARG)=  6.28319E+00 SMIN=  9.86574E-01
#IK= 122 NK=  0.000 FLUX=  2.02521E-09 LOOP_U1=  1.00000E+00+ -2.02521E-09i KLP= 122 110  37  25 122 WKC= -0.20833  0.04167  0.00000 STRM=  0 S(ARG)= -2.02521E-09 SMIN=  1.00946E+00
#IK= 123 NK= -1.000 FLUX= -5.42653E-09 LOOP_U1=  1.00000E+00+  5.42653E-09i KLP= 123 111 110 122 123 WKC= -0.20833  0.12500  0.00000 STRM=  0 S(ARG)= -6.28319E+00 SMIN=  1.09585E+00
#IK= 124 NK=  1.000 FLUX=  2.24147E-09 LOOP_U1=  1.00000E+00+ -2.24147E-09i KLP= 124 112 111 123 124 WKC= -0.20833  0.20833  0.00000 STRM=  0 S(ARG)=  6.28319E+00 SMIN=  1.10127E+00
#IK= 125 NK=  0.000 FLUX= -1.67455E-09 LOOP_U1=  1.00000E+00+  1.67455E-09i KLP= 125 113 112 124 125 WKC= -0.20833  0.29167  0.00000 STRM=  0 S(ARG)=  1.67455E-09 SMIN=  1.09975E+00
#IK= 126 NK=  1.000 FLUX=  1.47005E-09 LOOP_U1=  1.00000E+00+ -1.47005E-09i KLP= 126 114 113 125 126 WKC= -0.20833  0.37500  0.00000 STRM=  0 S(ARG)=  6.28319E+00 SMIN=  1.09780E+00
#IK= 127 NK=  0.000 FLUX=  7.36648E-10 LOOP_U1=  1.00000E+00+ -7.36647E-10i KLP= 127 115 114 126 127 WKC= -0.20833  0.45833  0.00000 STRM=  0 S(ARG)= -7.36648E-10 SMIN=  1.09610E+00
#IK= 128 NK=  1.000 FLUX=  3.16456E-09 LOOP_U1=  1.00000E+00+ -3.16456E-09i KLP=  30  42 115 127  30 WKC= -0.20833 -0.45833  0.00000 STRM=  0 S(ARG)=  6.28319E+00 SMIN=  1.09536E+00
#IK= 129 NK= -1.000 FLUX= -7.44910E-10 LOOP_U1=  1.00000E+00+  7.44910E-10i KLP=  29  41  42  30  29 WKC= -0.20833 -0.37500  0.00000 STRM=  0 S(ARG)= -6.28319E+00 SMIN=  1.08690E+00
#IK= 130 NK=  0.000 FLUX= -1.46070E-09 LOOP_U1=  1.00000E+00+  1.46070E-09i KLP=  28  40  41  29  28 WKC= -0.20833 -0.29167  0.00000 STRM=  0 S(ARG)=  1.46070E-09 SMIN=  1.00614E+00
#IK= 131 NK=  1.000 FLUX= -5.83822E-09 LOOP_U1=  1.00000E+00+  5.83822E-09i KLP=  27  39  40  28  27 WKC= -0.20833 -0.20833  0.00000 STRM=  0 S(ARG)=  6.28319E+00 SMIN=  1.00614E+00
#IK= 132 NK=  0.000 FLUX=  2.19400E-09 LOOP_U1=  1.00000E+00+ -2.19400E-09i KLP=  26  38  39  27  26 WKC= -0.20833 -0.12500  0.00000 STRM=  0 S(ARG)= -2.19400E-09 SMIN=  9.86574E-01
#IK= 133 NK=  0.000 FLUX=  6.39781E-09 LOOP_U1=  1.00000E+00+ -6.39781E-09i KLP=  13  25  26  14  13 WKC= -0.12500 -0.04167  0.00000 STRM=  0 S(ARG)= -6.39781E-09 SMIN=  8.27840E-01
#IK= 134 NK=  0.000 FLUX=  1.19875E-08 LOOP_U1=  1.00000E+00+ -1.19875E-08i KLP= 134 122  25  13 134 WKC= -0.12500  0.04167  0.00000 STRM=  0 S(ARG)= -1.19875E-08 SMIN=  9.82941E-01
#IK= 135 NK=  0.000 FLUX= -2.27310E-09 LOOP_U1=  1.00000E+00+  2.27310E-09i KLP= 135 123 122 134 135 WKC= -0.12500  0.12500  0.00000 STRM=  0 S(ARG)=  2.27310E-09 SMIN=  1.09283E+00
#IK= 136 NK=  0.000 FLUX=  1.21000E-09 LOOP_U1=  1.00000E+00+ -1.21000E-09i KLP= 136 124 123 135 136 WKC= -0.12500  0.20833  0.00000 STRM=  0 S(ARG)= -1.21000E-09 SMIN=  1.09585E+00
#IK= 137 NK=  0.000 FLUX= -1.31950E-10 LOOP_U1=  1.00000E+00+  1.31950E-10i KLP= 137 125 124 136 137 WKC= -0.12500  0.29167  0.00000 STRM=  0 S(ARG)=  1.31950E-10 SMIN=  1.09615E+00
#IK= 138 NK=  0.000 FLUX=  1.45214E-10 LOOP_U1=  1.00000E+00+ -1.45214E-10i KLP= 138 126 125 137 138 WKC= -0.12500  0.37500  0.00000 STRM=  0 S(ARG)= -1.45214E-10 SMIN=  1.09475E+00
#IK= 139 NK= -1.000 FLUX= -8.30134E-10 LOOP_U1=  1.00000E+00+  8.30133E-10i KLP= 139 127 126 138 139 WKC= -0.12500  0.45833  0.00000 STRM=  0 S(ARG)= -6.28319E+00 SMIN=  1.09248E+00
#IK= 140 NK=  0.000 FLUX=  2.78267E-09 LOOP_U1=  1.00000E+00+ -2.78267E-09i KLP=  18  30 127 139  18 WKC= -0.12500 -0.45833  0.00000 STRM=  0 S(ARG)= -2.78267E-09 SMIN=  1.08891E+00
#IK= 141 NK=  0.000 FLUX= -1.68043E-09 LOOP_U1=  1.00000E+00+  1.68043E-09i KLP=  17  29  30  18  17 WKC= -0.12500 -0.37500  0.00000 STRM=  0 S(ARG)=  1.68043E-09 SMIN=  1.08690E+00
#IK= 142 NK=  1.000 FLUX=  2.57618E-09 LOOP_U1=  1.00000E+00+ -2.57618E-09i KLP=  16  28  29  17  16 WKC= -0.12500 -0.29167  0.00000 STRM=  0 S(ARG)=  6.28319E+00 SMIN=  1.08011E+00
#IK= 143 NK=  0.000 FLUX=  9.21619E-10 LOOP_U1=  1.00000E+00+ -9.21619E-10i KLP=  15  27  28  16  15 WKC= -0.12500 -0.20833  0.00000 STRM=  0 S(ARG)= -9.21619E-10 SMIN=  9.86574E-01
#IK= 144 NK= -1.000 FLUX=  4.23085E-09 LOOP_U1=  1.00000E+00+ -4.23085E-09i KLP=  14  26  27  15  14 WKC= -0.12500 -0.12500  0.00000 STRM=  0 S(ARG)= -6.28319E+00 SMIN=  9.82942E-01
# Z2 PASS field staged; awaiting NFIELD output
# Z2 field total Chern:   6.02538E-15
# Z2 field minimum link s.v.:   7.98681E-01
# Z2 field max TR flux residual:   2.22045E-14
# Z2 field max n integer residual:   0.00000E+00
  
# DONE!
# Fukui-Hatsugai Z2 BANDS:    1 -   10
# Z2 invariant (top half BZ) =  1
# Z2 invariant (bottom half BZ) =  1
# Z2 invariant =  1
# Top/bottom half-BZ consistency: PASS.
# Z2 field diagnostic file: Z2_FIELD.csv
 end of program
