 # VASPBERRY (Ver 1.1.1), by Hyun-Jung Kim. 2026. Aug. 31.                  
 #This program calculates (1)berry curvature omega(k) 
 #for closed loop C on a small patches in k-space,
 #and (2) degree of optical selectivity between 
 #two bands specified. 
  
 #!!!!!!!!!!!!!!!!!!!!!!!!!!!!!!!!!!!!!!!!!!!!!!!!!!!!!
 #! Copyright 2015. Hyun-Jung Kim All rights reserved.!
 #!           (angpangmokjang@hanmail.net)            !
 #!             Hanyang Univ. 2015.Apr.05.            !
 #!!!!!!!!!!!!!!!!!!!!!!!!!!!!!!!!!!!!!!!!!!!!!!!!!!!!!
  
 #*Ref1: T. Fukui, Y. Hatsugai, and H. Suzuki, 
 #       J. J. Phys. Soc. Jap. 74, 1674 (2005),
 #     'Chern Numbers in Discretized Brillouin Zone: 
 #  Efficient Method of Computing (Spin) Hall Conductances'
 #*Ref2: R. Resta, J. Phys.: Condens. Matter. 12, R107 (2000)
 #     'Menifestations of Berry's phase in molecules 
 #      and condensed matter'
 #*Ref3: W. Yao, D. Xiao, and Q. Niu, PRB 77, 235406 (2008)
 #     'Valley-dependent optoelectronics from inversion
 #      symmetry breaking'
 #*Ref4: http://www.andrew.cmu.edu/user/feenstra/wavetrans/
 #       R. M. Feenstra and M. Widom                  
 #       some routines has been adopted from WAVETRANS
 #*      routines for Wavefunction reading and G 
 #       matching 
  
 #*Syntax:
 #       berry -f file -kx nx -ky ny -s 2 -ii ni -if nf
 #*  (or)berry -f file -kx nx -ky ny -s 2 -is n 
  
 #*For the detailed help: ./berry -h
  
  
# File reading... : /home/runner/work/VASPBERRY/VASPBERRY/Bi_Z2/WAVECAR                        
# TOTAL RECORD LENGTH =     73200
# NELECT     :     10
# ISPIN      :      1 (LSORBIT =.TRUE.)
# ENCUT (eV) :    400.0000
# NKPOINT    :    144
#  K-GRID    :     12   X  12
# NBANDS     :     18
# LATTVEC A1 :      4.388842     0.000000     0.000000
# LATTVEC A2 :      2.194421     3.800849     0.000000
# LATTVEC A3 :      0.000000     0.000000    15.000000
# RECIVEC B1 :      1.431627    -0.826550     0.000000
# RECIVEC B2 :      0.000000     1.653101     0.000000
# RECIVEC B3 :      0.000000     0.000000     0.418879
#  dk^2 = |dk1xk2| =      0.016435
# NPMAX      :  11728
#  NB1MAX    :      8
#  NB2MAX    :      8
#  NB3MAX    :     25
  
  
#IK=   1 NK=  0.000 FLUX=  1.17526E-06 LOOP_U1=  1.00000E+00+ -1.17526E-06i KLP=   1   2  14  13   1 WKC= -0.04167 -0.04167  0.00000 STRM=  4 S(ARG)= -1.17526E-06 SMIN=  8.15455E-01
#IK=   2 NK=  0.000 FLUX=  5.19852E-07 LOOP_U1=  1.00000E+00+ -5.19852E-07i KLP=   2   1  13  24   2 WKC=  0.04167 -0.04167  0.00000 STRM= -4 S(ARG)= -5.19852E-07 SMIN=  8.15455E-01
#IK=   3 NK=  0.000 FLUX=  9.90894E-09 LOOP_U1=  1.00000E+00+ -9.90894E-09i KLP=   3   2  24  23   3 WKC=  0.12500 -0.04167  0.00000 STRM=  0 S(ARG)= -9.90894E-09 SMIN=  9.78494E-01
#IK=   4 NK=  0.000 FLUX=  1.51551E-08 LOOP_U1=  1.00000E+00+ -1.51551E-08i KLP=   4   3  23  22   4 WKC=  0.20833 -0.04167  0.00000 STRM=  0 S(ARG)= -1.51551E-08 SMIN=  1.00651E+00
#IK=   5 NK=  1.000 FLUX= -3.43757E-08 LOOP_U1=  1.00000E+00+  3.43757E-08i KLP=   5   4  22  21   5 WKC=  0.29167 -0.04167  0.00000 STRM=  0 S(ARG)=  6.28319E+00 SMIN=  1.03173E+00
#IK=   6 NK=  0.000 FLUX=  9.22961E-08 LOOP_U1=  1.00000E+00+ -9.22961E-08i KLP=   6   5  21  20   6 WKC=  0.37500 -0.04167  0.00000 STRM=  0 S(ARG)= -9.22961E-08 SMIN=  1.05255E+00
#IK=   7 NK=  1.000 FLUX= -8.68026E-08 LOOP_U1=  1.00000E+00+  8.68026E-08i KLP=   7   6  20  19   7 WKC=  0.45833 -0.04167  0.00000 STRM=  1 S(ARG)=  6.28319E+00 SMIN=  1.06060E+00
#IK=   8 NK=  0.000 FLUX=  9.75633E-09 LOOP_U1=  1.00000E+00+ -9.75633E-09i KLP=   6   7  19  18   6 WKC= -0.45833 -0.04167  0.00000 STRM= -1 S(ARG)= -9.75633E-09 SMIN=  1.05223E+00
#IK=   9 NK=  0.000 FLUX=  6.41667E-08 LOOP_U1=  1.00000E+00+ -6.41667E-08i KLP=   5   6  18  17   5 WKC= -0.37500 -0.04167  0.00000 STRM=  0 S(ARG)= -6.41667E-08 SMIN=  1.02968E+00
#IK=  10 NK=  1.000 FLUX=  2.85048E-08 LOOP_U1=  1.00000E+00+ -2.85048E-08i KLP=   4   5  17  16   4 WKC= -0.29167 -0.04167  0.00000 STRM=  0 S(ARG)=  6.28319E+00 SMIN=  1.00348E+00
#IK=  11 NK=  0.000 FLUX= -1.16648E-07 LOOP_U1=  1.00000E+00+  1.16648E-07i KLP=   3   4  16  15   3 WKC= -0.20833 -0.04167  0.00000 STRM=  0 S(ARG)=  1.16648E-07 SMIN=  9.83038E-01
#IK=  12 NK=  0.000 FLUX=  3.96426E-09 LOOP_U1=  1.00000E+00+ -3.96426E-09i KLP=   2   3  15  14   2 WKC= -0.12500 -0.04167  0.00000 STRM=  0 S(ARG)= -3.96426E-09 SMIN=  8.27660E-01
#IK=  13 NK=  0.000 FLUX= -5.19852E-07 LOOP_U1=  1.00000E+00+  5.19852E-07i KLP=  13  24   2   1  13 WKC= -0.04167  0.04167  0.00000 STRM= -4 S(ARG)=  5.19852E-07 SMIN=  8.15455E-01
#IK=  14 NK=  0.000 FLUX= -1.17526E-06 LOOP_U1=  1.00000E+00+  1.17526E-06i KLP=  14  13   1   2  14 WKC=  0.04167  0.04167  0.00000 STRM=  4 S(ARG)=  1.17526E-06 SMIN=  8.15455E-01
#IK=  15 NK=  0.000 FLUX= -3.96425E-09 LOOP_U1=  1.00000E+00+  3.96425E-09i KLP=  15  14   2   3  15 WKC=  0.12500  0.04167  0.00000 STRM=  0 S(ARG)=  3.96425E-09 SMIN=  8.27660E-01
#IK=  16 NK=  0.000 FLUX=  1.16648E-07 LOOP_U1=  1.00000E+00+ -1.16648E-07i KLP=  16  15   3   4  16 WKC=  0.20833  0.04167  0.00000 STRM=  0 S(ARG)= -1.16648E-07 SMIN=  9.83038E-01
#IK=  17 NK= -1.000 FLUX= -2.85048E-08 LOOP_U1=  1.00000E+00+  2.85048E-08i KLP=  17  16   4   5  17 WKC=  0.29167  0.04167  0.00000 STRM=  0 S(ARG)= -6.28319E+00 SMIN=  1.00348E+00
#IK=  18 NK= -0.000 FLUX= -6.41667E-08 LOOP_U1=  1.00000E+00+  6.41667E-08i KLP=  18  17   5   6  18 WKC=  0.37500  0.04167  0.00000 STRM=  0 S(ARG)=  6.41667E-08 SMIN=  1.02968E+00
#IK=  19 NK=  0.000 FLUX= -9.75633E-09 LOOP_U1=  1.00000E+00+  9.75633E-09i KLP=  19  18   6   7  19 WKC=  0.45833  0.04167  0.00000 STRM= -1 S(ARG)=  9.75633E-09 SMIN=  1.05223E+00
#IK=  20 NK= -1.000 FLUX=  8.68026E-08 LOOP_U1=  1.00000E+00+ -8.68026E-08i KLP=  20  19   7   6  20 WKC= -0.45833  0.04167  0.00000 STRM=  1 S(ARG)= -6.28319E+00 SMIN=  1.06060E+00
#IK=  21 NK=  0.000 FLUX= -9.22961E-08 LOOP_U1=  1.00000E+00+  9.22961E-08i KLP=  21  20   6   5  21 WKC= -0.37500  0.04167  0.00000 STRM=  0 S(ARG)=  9.22961E-08 SMIN=  1.05255E+00
#IK=  22 NK= -1.000 FLUX=  3.43757E-08 LOOP_U1=  1.00000E+00+ -3.43757E-08i KLP=  22  21   5   4  22 WKC= -0.29167  0.04167  0.00000 STRM=  0 S(ARG)= -6.28319E+00 SMIN=  1.03173E+00
#IK=  23 NK=  0.000 FLUX= -1.51551E-08 LOOP_U1=  1.00000E+00+  1.51551E-08i KLP=  23  22   4   3  23 WKC= -0.20833  0.04167  0.00000 STRM=  0 S(ARG)=  1.51551E-08 SMIN=  1.00651E+00
#IK=  24 NK=  0.000 FLUX= -9.90894E-09 LOOP_U1=  1.00000E+00+  9.90894E-09i KLP=  24  23   3   2  24 WKC= -0.12500  0.04167  0.00000 STRM=  0 S(ARG)=  9.90894E-09 SMIN=  9.78494E-01
#IK=  25 NK= -1.000 FLUX=  1.30158E-07 LOOP_U1=  1.00000E+00+ -1.30158E-07i KLP=  25  36  24  13  25 WKC= -0.04167  0.12500  0.00000 STRM=  0 S(ARG)= -6.28319E+00 SMIN=  9.78494E-01
#IK=  26 NK=  0.000 FLUX=  6.41310E-08 LOOP_U1=  1.00000E+00+ -6.41310E-08i KLP=  26  25  13  14  26 WKC=  0.04167  0.12500  0.00000 STRM=  0 S(ARG)= -6.41310E-08 SMIN=  8.27660E-01
#IK=  27 NK= -1.000 FLUX= -1.05628E-07 LOOP_U1=  1.00000E+00+  1.05628E-07i KLP=  27  26  14  15  27 WKC=  0.12500  0.12500  0.00000 STRM=  0 S(ARG)= -6.28319E+00 SMIN=  9.78496E-01
#IK=  28 NK=  0.000 FLUX=  2.62855E-08 LOOP_U1=  1.00000E+00+ -2.62855E-08i KLP=  28  27  15  16  28 WKC=  0.20833  0.12500  0.00000 STRM=  0 S(ARG)= -2.62855E-08 SMIN=  9.83037E-01
#IK=  29 NK=  1.000 FLUX= -1.87034E-08 LOOP_U1=  1.00000E+00+  1.87034E-08i KLP=  29  28  16  17  29 WKC=  0.29167  0.12500  0.00000 STRM=  0 S(ARG)=  6.28319E+00 SMIN=  1.07909E+00
#IK=  30 NK= -1.000 FLUX=  1.41748E-08 LOOP_U1=  1.00000E+00+ -1.41748E-08i KLP=  30  29  17  18  30 WKC=  0.37500  0.12500  0.00000 STRM=  0 S(ARG)= -6.28319E+00 SMIN=  1.08607E+00
#IK=  31 NK=  1.000 FLUX=  4.74360E-08 LOOP_U1=  1.00000E+00+ -4.74360E-08i KLP=  31  30  18  19  31 WKC=  0.45833  0.12500  0.00000 STRM=  0 S(ARG)=  6.28319E+00 SMIN=  1.08809E+00
#IK=  32 NK=  0.000 FLUX= -3.00974E-08 LOOP_U1=  1.00000E+00+  3.00974E-08i KLP=  32  31  19  20  32 WKC= -0.45833  0.12500  0.00000 STRM=  0 S(ARG)=  3.00974E-08 SMIN=  1.09166E+00
#IK=  33 NK=  1.000 FLUX=  2.25674E-08 LOOP_U1=  1.00000E+00+ -2.25674E-08i KLP=  33  32  20  21  33 WKC= -0.37500  0.12500  0.00000 STRM=  0 S(ARG)=  6.28319E+00 SMIN=  1.09396E+00
#IK=  34 NK=  0.000 FLUX=  1.35086E-08 LOOP_U1=  1.00000E+00+ -1.35086E-08i KLP=  34  33  21  22  34 WKC= -0.29167  0.12500  0.00000 STRM=  0 S(ARG)= -1.35086E-08 SMIN=  1.09537E+00
#IK=  35 NK=  0.000 FLUX= -3.38837E-08 LOOP_U1=  1.00000E+00+  3.38837E-08i KLP=  35  34  22  23  35 WKC= -0.20833  0.12500  0.00000 STRM=  0 S(ARG)=  3.38837E-08 SMIN=  1.09496E+00
#IK=  36 NK=  1.000 FLUX= -1.24195E-08 LOOP_U1=  1.00000E+00+  1.24195E-08i KLP=  36  35  23  24  36 WKC= -0.12500  0.12500  0.00000 STRM=  0 S(ARG)=  6.28319E+00 SMIN=  1.09161E+00
#IK=  37 NK=  0.000 FLUX=  6.84549E-08 LOOP_U1=  1.00000E+00+ -6.84549E-08i KLP=  37  48  36  25  37 WKC= -0.04167  0.20833  0.00000 STRM=  0 S(ARG)= -6.84549E-08 SMIN=  1.00651E+00
#IK=  38 NK=  0.000 FLUX=  7.47341E-08 LOOP_U1=  1.00000E+00+ -7.47341E-08i KLP=  38  37  25  26  38 WKC=  0.04167  0.20833  0.00000 STRM=  0 S(ARG)= -7.47341E-08 SMIN=  9.83038E-01
#IK=  39 NK= -0.000 FLUX= -1.84593E-08 LOOP_U1=  1.00000E+00+  1.84593E-08i KLP=  39  38  26  27  39 WKC=  0.12500  0.20833  0.00000 STRM=  0 S(ARG)=  1.84593E-08 SMIN=  9.83037E-01
#IK=  40 NK=  0.000 FLUX= -8.19622E-08 LOOP_U1=  1.00000E+00+  8.19622E-08i KLP=  40  39  27  28  40 WKC=  0.20833  0.20833  0.00000 STRM=  0 S(ARG)=  8.19622E-08 SMIN=  1.00348E+00
#IK=  41 NK=  0.000 FLUX= -2.55601E-08 LOOP_U1=  1.00000E+00+  2.55601E-08i KLP=  41  40  28  29  41 WKC=  0.29167  0.20833  0.00000 STRM=  0 S(ARG)=  2.55601E-08 SMIN=  1.00348E+00
#IK=  42 NK=  0.000 FLUX= -2.34756E-08 LOOP_U1=  1.00000E+00+  2.34756E-08i KLP=  42  41  29  30  42 WKC=  0.37500  0.20833  0.00000 STRM=  0 S(ARG)=  2.34756E-08 SMIN=  1.08607E+00
#IK=  43 NK= -0.000 FLUX= -2.01977E-08 LOOP_U1=  1.00000E+00+  2.01977E-08i KLP=  43  42  30  31  43 WKC=  0.45833  0.20833  0.00000 STRM=  0 S(ARG)=  2.01977E-08 SMIN=  1.09468E+00
#IK=  44 NK=  0.000 FLUX=  3.68380E-08 LOOP_U1=  1.00000E+00+ -3.68380E-08i KLP=  44  43  31  32  44 WKC= -0.45833  0.20833  0.00000 STRM=  0 S(ARG)= -3.68380E-08 SMIN=  1.09546E+00
#IK=  45 NK= -0.000 FLUX=  4.82363E-08 LOOP_U1=  1.00000E+00+ -4.82363E-08i KLP=  45  44  32  33  45 WKC= -0.37500  0.20833  0.00000 STRM=  0 S(ARG)= -4.82363E-08 SMIN=  1.09717E+00
#IK=  46 NK=  0.000 FLUX= -5.83875E-09 LOOP_U1=  1.00000E+00+  5.83875E-09i KLP=  46  45  33  34  46 WKC= -0.29167  0.20833  0.00000 STRM=  0 S(ARG)=  5.83875E-09 SMIN=  1.09912E+00
#IK=  47 NK=  0.000 FLUX= -2.30994E-08 LOOP_U1=  1.00000E+00+  2.30994E-08i KLP=  47  46  34  35  47 WKC= -0.20833  0.20833  0.00000 STRM=  0 S(ARG)=  2.30994E-08 SMIN=  1.10061E+00
#IK=  48 NK=  0.000 FLUX=  4.37585E-09 LOOP_U1=  1.00000E+00+ -4.37585E-09i KLP=  48  47  35  36  48 WKC= -0.12500  0.20833  0.00000 STRM=  0 S(ARG)= -4.37585E-09 SMIN=  1.09496E+00
#IK=  49 NK=  0.000 FLUX= -9.44838E-09 LOOP_U1=  1.00000E+00+  9.44838E-09i KLP=  49  60  48  37  49 WKC= -0.04167  0.29167  0.00000 STRM=  0 S(ARG)=  9.44838E-09 SMIN=  1.03173E+00
#IK=  50 NK= -1.000 FLUX= -5.48110E-08 LOOP_U1=  1.00000E+00+  5.48110E-08i KLP=  50  49  37  38  50 WKC=  0.04167  0.29167  0.00000 STRM=  0 S(ARG)= -6.28319E+00 SMIN=  1.00348E+00
#IK=  51 NK=  1.000 FLUX=  1.94500E-08 LOOP_U1=  1.00000E+00+ -1.94500E-08i KLP=  51  50  38  39  51 WKC=  0.12500  0.29167  0.00000 STRM=  0 S(ARG)=  6.28319E+00 SMIN=  1.07909E+00
#IK=  52 NK=  0.000 FLUX=  1.30448E-09 LOOP_U1=  1.00000E+00+ -1.30448E-09i KLP=  52  51  39  40  52 WKC=  0.20833  0.29167  0.00000 STRM=  0 S(ARG)= -1.30448E-09 SMIN=  1.00348E+00
#IK=  53 NK=  0.000 FLUX=  1.40039E-08 LOOP_U1=  1.00000E+00+ -1.40039E-08i KLP=  53  52  40  41  53 WKC=  0.29167  0.29167  0.00000 STRM=  0 S(ARG)= -1.40039E-08 SMIN=  1.02968E+00
#IK=  54 NK= -1.000 FLUX=  1.99207E-08 LOOP_U1=  1.00000E+00+ -1.99207E-08i KLP=  54  53  41  42  54 WKC=  0.37500  0.29167  0.00000 STRM=  0 S(ARG)= -6.28319E+00 SMIN=  1.02968E+00
#IK=  55 NK=  1.000 FLUX= -2.82930E-08 LOOP_U1=  1.00000E+00+  2.82930E-08i KLP=  55  54  42  43  55 WKC=  0.45833  0.29167  0.00000 STRM=  0 S(ARG)=  6.28319E+00 SMIN=  1.08809E+00
#IK=  56 NK= -1.000 FLUX= -5.72024E-08 LOOP_U1=  1.00000E+00+  5.72024E-08i KLP=  56  55  43  44  56 WKC= -0.45833  0.29167  0.00000 STRM=  0 S(ARG)= -6.28319E+00 SMIN=  1.09546E+00
#IK=  57 NK=  1.000 FLUX=  1.53930E-08 LOOP_U1=  1.00000E+00+ -1.53930E-08i KLP=  57  56  44  45  57 WKC= -0.37500  0.29167  0.00000 STRM=  0 S(ARG)=  6.28319E+00 SMIN=  1.09612E+00
#IK=  58 NK=  0.000 FLUX= -6.58894E-10 LOOP_U1=  1.00000E+00+  6.58894E-10i KLP=  58  57  45  46  58 WKC= -0.29167  0.29167  0.00000 STRM=  0 S(ARG)=  6.58894E-10 SMIN=  1.09820E+00
#IK=  59 NK=  0.000 FLUX= -2.69289E-08 LOOP_U1=  1.00000E+00+  2.69289E-08i KLP=  59  58  46  47  59 WKC= -0.20833  0.29167  0.00000 STRM=  0 S(ARG)=  2.69289E-08 SMIN=  1.09912E+00
#IK=  60 NK=  0.000 FLUX= -1.14116E-08 LOOP_U1=  1.00000E+00+  1.14116E-08i KLP=  60  59  47  48  60 WKC= -0.12500  0.29167  0.00000 STRM=  0 S(ARG)=  1.14116E-08 SMIN=  1.09537E+00
#IK=  61 NK=  0.000 FLUX= -3.25384E-09 LOOP_U1=  1.00000E+00+  3.25384E-09i KLP=  61  72  60  49  61 WKC= -0.04167  0.37500  0.00000 STRM=  0 S(ARG)=  3.25384E-09 SMIN=  1.05255E+00
#IK=  62 NK=  0.000 FLUX=  1.42791E-09 LOOP_U1=  1.00000E+00+ -1.42791E-09i KLP=  62  61  49  50  62 WKC=  0.04167  0.37500  0.00000 STRM=  0 S(ARG)= -1.42791E-09 SMIN=  1.02968E+00
#IK=  63 NK=  0.000 FLUX=  7.87396E-08 LOOP_U1=  1.00000E+00+ -7.87396E-08i KLP=  63  62  50  51  63 WKC=  0.12500  0.37500  0.00000 STRM=  0 S(ARG)= -7.87396E-08 SMIN=  1.08607E+00
#IK=  64 NK=  0.000 FLUX=  1.99272E-09 LOOP_U1=  1.00000E+00+ -1.99272E-09i KLP=  64  63  51  52  64 WKC=  0.20833  0.37500  0.00000 STRM=  0 S(ARG)= -1.99272E-09 SMIN=  1.08607E+00
#IK=  65 NK=  0.000 FLUX=  1.61995E-08 LOOP_U1=  1.00000E+00+ -1.61995E-08i KLP=  65  64  52  53  65 WKC=  0.29167  0.37500  0.00000 STRM=  0 S(ARG)= -1.61995E-08 SMIN=  1.02968E+00
#IK=  66 NK=  1.000 FLUX= -7.94837E-09 LOOP_U1=  1.00000E+00+  7.94837E-09i KLP=  66  65  53  54  66 WKC=  0.37500  0.37500  0.00000 STRM=  0 S(ARG)=  6.28319E+00 SMIN=  1.05223E+00
#IK=  67 NK= -0.000 FLUX=  6.56262E-08 LOOP_U1=  1.00000E+00+ -6.56262E-08i KLP=  67  66  54  55  67 WKC=  0.45833  0.37500  0.00000 STRM=  0 S(ARG)= -6.56262E-08 SMIN=  1.05223E+00
#IK=  68 NK=  0.000 FLUX=  6.15569E-08 LOOP_U1=  1.00000E+00+ -6.15569E-08i KLP=  68  67  55  56  68 WKC= -0.45833  0.37500  0.00000 STRM=  0 S(ARG)= -6.15569E-08 SMIN=  1.09166E+00
#IK=  69 NK=  0.000 FLUX=  2.88384E-08 LOOP_U1=  1.00000E+00+ -2.88384E-08i KLP=  69  68  56  57  69 WKC= -0.37500  0.37500  0.00000 STRM=  0 S(ARG)= -2.88384E-08 SMIN=  1.09717E+00
#IK=  70 NK=  1.000 FLUX=  1.54941E-08 LOOP_U1=  1.00000E+00+ -1.54941E-08i KLP=  70  69  57  58  70 WKC= -0.29167  0.37500  0.00000 STRM=  0 S(ARG)=  6.28319E+00 SMIN=  1.09612E+00
#IK=  71 NK= -1.000 FLUX=  1.51458E-09 LOOP_U1=  1.00000E+00+ -1.51458E-09i KLP=  71  70  58  59  71 WKC= -0.20833  0.37500  0.00000 STRM=  0 S(ARG)= -6.28319E+00 SMIN=  1.09717E+00
#IK=  72 NK=  0.000 FLUX= -2.48150E-08 LOOP_U1=  1.00000E+00+  2.48150E-08i KLP=  72  71  59  60  72 WKC= -0.12500  0.37500  0.00000 STRM=  0 S(ARG)=  2.48150E-08 SMIN=  1.09396E+00
#IK=  73 NK=  0.000 FLUX= -5.91956E-08 LOOP_U1=  1.00000E+00+  5.91956E-08i KLP=  73  84  72  61  73 WKC= -0.04167  0.45833  0.00000 STRM=  2 S(ARG)=  5.91956E-08 SMIN=  1.06060E+00
#IK=  74 NK=  0.000 FLUX= -3.00797E-08 LOOP_U1=  1.00000E+00+  3.00797E-08i KLP=  84  73  61  62  84 WKC=  0.04167  0.45833  0.00000 STRM= -2 S(ARG)=  3.00797E-08 SMIN=  1.05223E+00
#IK=  75 NK=  0.000 FLUX=  1.74872E-08 LOOP_U1=  1.00000E+00+ -1.74872E-08i KLP=  83  84  62  63  83 WKC=  0.12500  0.45833  0.00000 STRM=  0 S(ARG)= -1.74872E-08 SMIN=  1.08809E+00
#IK=  76 NK=  0.000 FLUX=  1.87332E-08 LOOP_U1=  1.00000E+00+ -1.87332E-08i KLP=  82  83  63  64  82 WKC=  0.20833  0.45833  0.00000 STRM=  0 S(ARG)= -1.87332E-08 SMIN=  1.09468E+00
#IK=  77 NK= -0.000 FLUX=  2.15423E-08 LOOP_U1=  1.00000E+00+ -2.15423E-08i KLP=  81  82  64  65  81 WKC=  0.29167  0.45833  0.00000 STRM=  0 S(ARG)= -2.15423E-08 SMIN=  1.08809E+00
#IK=  78 NK=  0.000 FLUX=  3.35647E-08 LOOP_U1=  1.00000E+00+ -3.35647E-08i KLP=  80  81  65  66  80 WKC=  0.37500  0.45833  0.00000 STRM=  0 S(ARG)= -3.35647E-08 SMIN=  1.05223E+00
#IK=  79 NK= -1.000 FLUX= -1.19663E-07 LOOP_U1=  1.00000E+00+  1.19663E-07i KLP=  79  80  66  67  79 WKC=  0.45833  0.45833  0.00000 STRM=  3 S(ARG)= -6.28319E+00 SMIN=  1.06060E+00
#IK=  80 NK= -1.000 FLUX= -2.07109E-08 LOOP_U1=  1.00000E+00+  2.07109E-08i KLP=  80  79  67  68  80 WKC= -0.45833  0.45833  0.00000 STRM= -3 S(ARG)= -6.28319E+00 SMIN=  1.06069E+00
#IK=  81 NK=  0.000 FLUX= -2.36078E-08 LOOP_U1=  1.00000E+00+  2.36078E-08i KLP=  81  80  68  69  81 WKC= -0.37500  0.45833  0.00000 STRM=  0 S(ARG)=  2.36078E-08 SMIN=  1.09166E+00
#IK=  82 NK=  0.000 FLUX= -2.98516E-08 LOOP_U1=  1.00000E+00+  2.98516E-08i KLP=  82  81  69  70  82 WKC= -0.29167  0.45833  0.00000 STRM=  0 S(ARG)=  2.98516E-08 SMIN=  1.09546E+00
#IK=  83 NK=  0.000 FLUX=  8.45206E-09 LOOP_U1=  1.00000E+00+ -8.45206E-09i KLP=  83  82  70  71  83 WKC= -0.20833  0.45833  0.00000 STRM=  0 S(ARG)= -8.45206E-09 SMIN=  1.09546E+00
#IK=  84 NK=  0.000 FLUX=  5.80433E-09 LOOP_U1=  1.00000E+00+ -5.80433E-09i KLP=  84  83  71  72  84 WKC= -0.12500  0.45833  0.00000 STRM=  0 S(ARG)= -5.80433E-09 SMIN=  1.09166E+00
#IK=  85 NK=  0.000 FLUX=  3.00797E-08 LOOP_U1=  1.00000E+00+ -3.00797E-08i KLP=  61  62  84  73  61 WKC= -0.04167 -0.45833  0.00000 STRM= -2 S(ARG)= -3.00797E-08 SMIN=  1.05223E+00
#IK=  86 NK=  0.000 FLUX=  5.91956E-08 LOOP_U1=  1.00000E+00+ -5.91956E-08i KLP=  72  61  73  84  72 WKC=  0.04167 -0.45833  0.00000 STRM=  2 S(ARG)= -5.91956E-08 SMIN=  1.06060E+00
#IK=  87 NK=  0.000 FLUX= -5.80433E-09 LOOP_U1=  1.00000E+00+  5.80433E-09i KLP=  71  72  84  83  71 WKC=  0.12500 -0.45833  0.00000 STRM=  0 S(ARG)=  5.80433E-09 SMIN=  1.09166E+00
#IK=  88 NK=  0.000 FLUX= -8.45206E-09 LOOP_U1=  1.00000E+00+  8.45206E-09i KLP=  70  71  83  82  70 WKC=  0.20833 -0.45833  0.00000 STRM=  0 S(ARG)=  8.45206E-09 SMIN=  1.09546E+00
#IK=  89 NK=  0.000 FLUX=  2.98516E-08 LOOP_U1=  1.00000E+00+ -2.98516E-08i KLP=  69  70  82  81  69 WKC=  0.29167 -0.45833  0.00000 STRM=  0 S(ARG)= -2.98516E-08 SMIN=  1.09546E+00
#IK=  90 NK=  0.000 FLUX=  2.36078E-08 LOOP_U1=  1.00000E+00+ -2.36078E-08i KLP=  68  69  81  80  68 WKC=  0.37500 -0.45833  0.00000 STRM=  0 S(ARG)= -2.36078E-08 SMIN=  1.09166E+00
#IK=  91 NK=  1.000 FLUX=  2.07109E-08 LOOP_U1=  1.00000E+00+ -2.07109E-08i KLP=  67  68  80  79  67 WKC=  0.45833 -0.45833  0.00000 STRM= -3 S(ARG)=  6.28319E+00 SMIN=  1.06069E+00
#IK=  92 NK=  1.000 FLUX=  1.19663E-07 LOOP_U1=  1.00000E+00+ -1.19663E-07i KLP=  66  67  79  80  66 WKC= -0.45833 -0.45833  0.00000 STRM=  3 S(ARG)=  6.28319E+00 SMIN=  1.06060E+00
#IK=  93 NK=  0.000 FLUX= -3.35647E-08 LOOP_U1=  1.00000E+00+  3.35647E-08i KLP=  65  66  80  81  65 WKC= -0.37500 -0.45833  0.00000 STRM=  0 S(ARG)=  3.35647E-08 SMIN=  1.05223E+00
#IK=  94 NK=  0.000 FLUX= -2.15423E-08 LOOP_U1=  1.00000E+00+  2.15423E-08i KLP=  64  65  81  82  64 WKC= -0.29167 -0.45833  0.00000 STRM=  0 S(ARG)=  2.15423E-08 SMIN=  1.08809E+00
#IK=  95 NK= -0.000 FLUX= -1.87332E-08 LOOP_U1=  1.00000E+00+  1.87332E-08i KLP=  63  64  82  83  63 WKC= -0.20833 -0.45833  0.00000 STRM=  0 S(ARG)=  1.87332E-08 SMIN=  1.09468E+00
#IK=  96 NK=  0.000 FLUX= -1.74871E-08 LOOP_U1=  1.00000E+00+  1.74871E-08i KLP=  62  63  83  84  62 WKC= -0.12500 -0.45833  0.00000 STRM=  0 S(ARG)=  1.74871E-08 SMIN=  1.08809E+00
#IK=  97 NK=  0.000 FLUX= -1.42791E-09 LOOP_U1=  1.00000E+00+  1.42791E-09i KLP=  49  50  62  61  49 WKC= -0.04167 -0.37500  0.00000 STRM=  0 S(ARG)=  1.42791E-09 SMIN=  1.02968E+00
#IK=  98 NK=  0.000 FLUX=  3.25385E-09 LOOP_U1=  1.00000E+00+ -3.25385E-09i KLP=  60  49  61  72  60 WKC=  0.04167 -0.37500  0.00000 STRM=  0 S(ARG)= -3.25385E-09 SMIN=  1.05255E+00
#IK=  99 NK=  0.000 FLUX=  2.48150E-08 LOOP_U1=  1.00000E+00+ -2.48150E-08i KLP=  59  60  72  71  59 WKC=  0.12500 -0.37500  0.00000 STRM=  0 S(ARG)= -2.48150E-08 SMIN=  1.09396E+00
#IK= 100 NK=  1.000 FLUX= -1.51458E-09 LOOP_U1=  1.00000E+00+  1.51458E-09i KLP=  58  59  71  70  58 WKC=  0.20833 -0.37500  0.00000 STRM=  0 S(ARG)=  6.28319E+00 SMIN=  1.09717E+00
#IK= 101 NK= -1.000 FLUX= -1.54941E-08 LOOP_U1=  1.00000E+00+  1.54941E-08i KLP=  57  58  70  69  57 WKC=  0.29167 -0.37500  0.00000 STRM=  0 S(ARG)= -6.28319E+00 SMIN=  1.09612E+00
#IK= 102 NK=  0.000 FLUX= -2.88383E-08 LOOP_U1=  1.00000E+00+  2.88383E-08i KLP=  56  57  69  68  56 WKC=  0.37500 -0.37500  0.00000 STRM=  0 S(ARG)=  2.88383E-08 SMIN=  1.09717E+00
#IK= 103 NK=  0.000 FLUX= -6.15569E-08 LOOP_U1=  1.00000E+00+  6.15569E-08i KLP=  55  56  68  67  55 WKC=  0.45833 -0.37500  0.00000 STRM=  0 S(ARG)=  6.15569E-08 SMIN=  1.09166E+00
#IK= 104 NK=  0.000 FLUX= -6.56262E-08 LOOP_U1=  1.00000E+00+  6.56262E-08i KLP=  54  55  67  66  54 WKC= -0.45833 -0.37500  0.00000 STRM=  0 S(ARG)=  6.56262E-08 SMIN=  1.05223E+00
#IK= 105 NK= -1.000 FLUX=  7.94836E-09 LOOP_U1=  1.00000E+00+ -7.94836E-09i KLP=  53  54  66  65  53 WKC= -0.37500 -0.37500  0.00000 STRM=  0 S(ARG)= -6.28319E+00 SMIN=  1.05223E+00
#IK= 106 NK=  0.000 FLUX= -1.61995E-08 LOOP_U1=  1.00000E+00+  1.61995E-08i KLP=  52  53  65  64  52 WKC= -0.29167 -0.37500  0.00000 STRM=  0 S(ARG)=  1.61995E-08 SMIN=  1.02968E+00
#IK= 107 NK=  0.000 FLUX= -1.99272E-09 LOOP_U1=  1.00000E+00+  1.99272E-09i KLP=  51  52  64  63  51 WKC= -0.20833 -0.37500  0.00000 STRM=  0 S(ARG)=  1.99272E-09 SMIN=  1.08607E+00
#IK= 108 NK=  0.000 FLUX= -7.87396E-08 LOOP_U1=  1.00000E+00+  7.87396E-08i KLP=  50  51  63  62  50 WKC= -0.12500 -0.37500  0.00000 STRM=  0 S(ARG)=  7.87396E-08 SMIN=  1.08607E+00
#IK= 109 NK=  1.000 FLUX=  5.48110E-08 LOOP_U1=  1.00000E+00+ -5.48110E-08i KLP=  37  38  50  49  37 WKC= -0.04167 -0.29167  0.00000 STRM=  0 S(ARG)=  6.28319E+00 SMIN=  1.00348E+00
#IK= 110 NK=  0.000 FLUX=  9.44837E-09 LOOP_U1=  1.00000E+00+ -9.44837E-09i KLP=  48  37  49  60  48 WKC=  0.04167 -0.29167  0.00000 STRM=  0 S(ARG)= -9.44837E-09 SMIN=  1.03173E+00
#IK= 111 NK=  0.000 FLUX=  1.14116E-08 LOOP_U1=  1.00000E+00+ -1.14116E-08i KLP=  47  48  60  59  47 WKC=  0.12500 -0.29167  0.00000 STRM=  0 S(ARG)= -1.14116E-08 SMIN=  1.09537E+00
#IK= 112 NK=  0.000 FLUX=  2.69288E-08 LOOP_U1=  1.00000E+00+ -2.69288E-08i KLP=  46  47  59  58  46 WKC=  0.20833 -0.29167  0.00000 STRM=  0 S(ARG)= -2.69288E-08 SMIN=  1.09912E+00
#IK= 113 NK=  0.000 FLUX=  6.58902E-10 LOOP_U1=  1.00000E+00+ -6.58902E-10i KLP=  45  46  58  57  45 WKC=  0.29167 -0.29167  0.00000 STRM=  0 S(ARG)= -6.58902E-10 SMIN=  1.09820E+00
#IK= 114 NK= -1.000 FLUX= -1.53930E-08 LOOP_U1=  1.00000E+00+  1.53930E-08i KLP=  44  45  57  56  44 WKC=  0.37500 -0.29167  0.00000 STRM=  0 S(ARG)= -6.28319E+00 SMIN=  1.09612E+00
#IK= 115 NK=  1.000 FLUX=  5.72024E-08 LOOP_U1=  1.00000E+00+ -5.72024E-08i KLP=  43  44  56  55  43 WKC=  0.45833 -0.29167  0.00000 STRM=  0 S(ARG)=  6.28319E+00 SMIN=  1.09546E+00
#IK= 116 NK= -1.000 FLUX=  2.82930E-08 LOOP_U1=  1.00000E+00+ -2.82930E-08i KLP=  42  43  55  54  42 WKC= -0.45833 -0.29167  0.00000 STRM=  0 S(ARG)= -6.28319E+00 SMIN=  1.08809E+00
#IK= 117 NK=  1.000 FLUX= -1.99207E-08 LOOP_U1=  1.00000E+00+  1.99207E-08i KLP=  41  42  54  53  41 WKC= -0.37500 -0.29167  0.00000 STRM=  0 S(ARG)=  6.28319E+00 SMIN=  1.02968E+00
#IK= 118 NK=  0.000 FLUX= -1.40039E-08 LOOP_U1=  1.00000E+00+  1.40039E-08i KLP=  40  41  53  52  40 WKC= -0.29167 -0.29167  0.00000 STRM=  0 S(ARG)=  1.40039E-08 SMIN=  1.02968E+00
#IK= 119 NK=  0.000 FLUX= -1.30448E-09 LOOP_U1=  1.00000E+00+  1.30448E-09i KLP=  39  40  52  51  39 WKC= -0.20833 -0.29167  0.00000 STRM=  0 S(ARG)=  1.30448E-09 SMIN=  1.00348E+00
#IK= 120 NK= -1.000 FLUX= -1.94500E-08 LOOP_U1=  1.00000E+00+  1.94500E-08i KLP=  38  39  51  50  38 WKC= -0.12500 -0.29167  0.00000 STRM=  0 S(ARG)= -6.28319E+00 SMIN=  1.07909E+00
#IK= 121 NK=  0.000 FLUX= -7.47341E-08 LOOP_U1=  1.00000E+00+  7.47341E-08i KLP=  25  26  38  37  25 WKC= -0.04167 -0.20833  0.00000 STRM=  0 S(ARG)=  7.47341E-08 SMIN=  9.83038E-01
#IK= 122 NK=  0.000 FLUX= -6.84549E-08 LOOP_U1=  1.00000E+00+  6.84549E-08i KLP=  36  25  37  48  36 WKC=  0.04167 -0.20833  0.00000 STRM=  0 S(ARG)=  6.84549E-08 SMIN=  1.00651E+00
#IK= 123 NK=  0.000 FLUX= -4.37585E-09 LOOP_U1=  1.00000E+00+  4.37585E-09i KLP=  35  36  48  47  35 WKC=  0.12500 -0.20833  0.00000 STRM=  0 S(ARG)=  4.37585E-09 SMIN=  1.09496E+00
#IK= 124 NK= -0.000 FLUX=  2.30994E-08 LOOP_U1=  1.00000E+00+ -2.30994E-08i KLP=  34  35  47  46  34 WKC=  0.20833 -0.20833  0.00000 STRM=  0 S(ARG)= -2.30994E-08 SMIN=  1.10061E+00
#IK= 125 NK=  0.000 FLUX=  5.83875E-09 LOOP_U1=  1.00000E+00+ -5.83875E-09i KLP=  33  34  46  45  33 WKC=  0.29167 -0.20833  0.00000 STRM=  0 S(ARG)= -5.83875E-09 SMIN=  1.09912E+00
#IK= 126 NK=  0.000 FLUX= -4.82363E-08 LOOP_U1=  1.00000E+00+  4.82363E-08i KLP=  32  33  45  44  32 WKC=  0.37500 -0.20833  0.00000 STRM=  0 S(ARG)=  4.82363E-08 SMIN=  1.09717E+00
#IK= 127 NK=  0.000 FLUX= -3.68380E-08 LOOP_U1=  1.00000E+00+  3.68380E-08i KLP=  31  32  44  43  31 WKC=  0.45833 -0.20833  0.00000 STRM=  0 S(ARG)=  3.68380E-08 SMIN=  1.09546E+00
#IK= 128 NK=  0.000 FLUX=  2.01977E-08 LOOP_U1=  1.00000E+00+ -2.01977E-08i KLP=  30  31  43  42  30 WKC= -0.45833 -0.20833  0.00000 STRM=  0 S(ARG)= -2.01977E-08 SMIN=  1.09468E+00
#IK= 129 NK= -0.000 FLUX=  2.34756E-08 LOOP_U1=  1.00000E+00+ -2.34756E-08i KLP=  29  30  42  41  29 WKC= -0.37500 -0.20833  0.00000 STRM=  0 S(ARG)= -2.34756E-08 SMIN=  1.08607E+00
#IK= 130 NK=  0.000 FLUX=  2.55601E-08 LOOP_U1=  1.00000E+00+ -2.55601E-08i KLP=  28  29  41  40  28 WKC= -0.29167 -0.20833  0.00000 STRM=  0 S(ARG)= -2.55601E-08 SMIN=  1.00348E+00
#IK= 131 NK=  0.000 FLUX=  8.19623E-08 LOOP_U1=  1.00000E+00+ -8.19623E-08i KLP=  27  28  40  39  27 WKC= -0.20833 -0.20833  0.00000 STRM=  0 S(ARG)= -8.19623E-08 SMIN=  1.00348E+00
#IK= 132 NK=  0.000 FLUX=  1.84593E-08 LOOP_U1=  1.00000E+00+ -1.84593E-08i KLP=  26  27  39  38  26 WKC= -0.12500 -0.20833  0.00000 STRM=  0 S(ARG)= -1.84593E-08 SMIN=  9.83037E-01
#IK= 133 NK= -0.000 FLUX= -6.41310E-08 LOOP_U1=  1.00000E+00+  6.41310E-08i KLP=  13  14  26  25  13 WKC= -0.04167 -0.12500  0.00000 STRM=  0 S(ARG)=  6.41310E-08 SMIN=  8.27660E-01
#IK= 134 NK=  1.000 FLUX= -1.30158E-07 LOOP_U1=  1.00000E+00+  1.30158E-07i KLP=  24  13  25  36  24 WKC=  0.04167 -0.12500  0.00000 STRM=  0 S(ARG)=  6.28319E+00 SMIN=  9.78494E-01
#IK= 135 NK= -1.000 FLUX=  1.24195E-08 LOOP_U1=  1.00000E+00+ -1.24195E-08i KLP=  23  24  36  35  23 WKC=  0.12500 -0.12500  0.00000 STRM=  0 S(ARG)= -6.28319E+00 SMIN=  1.09161E+00
#IK= 136 NK=  0.000 FLUX=  3.38838E-08 LOOP_U1=  1.00000E+00+ -3.38838E-08i KLP=  22  23  35  34  22 WKC=  0.20833 -0.12500  0.00000 STRM=  0 S(ARG)= -3.38838E-08 SMIN=  1.09496E+00
#IK= 137 NK=  0.000 FLUX= -1.35086E-08 LOOP_U1=  1.00000E+00+  1.35086E-08i KLP=  21  22  34  33  21 WKC=  0.29167 -0.12500  0.00000 STRM=  0 S(ARG)=  1.35086E-08 SMIN=  1.09537E+00
#IK= 138 NK= -1.000 FLUX= -2.25674E-08 LOOP_U1=  1.00000E+00+  2.25674E-08i KLP=  20  21  33  32  20 WKC=  0.37500 -0.12500  0.00000 STRM=  0 S(ARG)= -6.28319E+00 SMIN=  1.09396E+00
#IK= 139 NK=  0.000 FLUX=  3.00974E-08 LOOP_U1=  1.00000E+00+ -3.00974E-08i KLP=  19  20  32  31  19 WKC=  0.45833 -0.12500  0.00000 STRM=  0 S(ARG)= -3.00974E-08 SMIN=  1.09166E+00
#IK= 140 NK= -1.000 FLUX= -4.74360E-08 LOOP_U1=  1.00000E+00+  4.74360E-08i KLP=  18  19  31  30  18 WKC= -0.45833 -0.12500  0.00000 STRM=  0 S(ARG)= -6.28319E+00 SMIN=  1.08809E+00
#IK= 141 NK=  1.000 FLUX= -1.41748E-08 LOOP_U1=  1.00000E+00+  1.41748E-08i KLP=  17  18  30  29  17 WKC= -0.37500 -0.12500  0.00000 STRM=  0 S(ARG)=  6.28319E+00 SMIN=  1.08607E+00
#IK= 142 NK= -1.000 FLUX=  1.87034E-08 LOOP_U1=  1.00000E+00+ -1.87034E-08i KLP=  16  17  29  28  16 WKC= -0.29167 -0.12500  0.00000 STRM=  0 S(ARG)= -6.28319E+00 SMIN=  1.07909E+00
#IK= 143 NK=  0.000 FLUX= -2.62855E-08 LOOP_U1=  1.00000E+00+  2.62855E-08i KLP=  15  16  28  27  15 WKC= -0.20833 -0.12500  0.00000 STRM=  0 S(ARG)=  2.62855E-08 SMIN=  9.83037E-01
#IK= 144 NK=  1.000 FLUX=  1.05628E-07 LOOP_U1=  1.00000E+00+ -1.05628E-07i KLP=  14  15  27  26  14 WKC= -0.12500 -0.12500  0.00000 STRM=  0 S(ARG)=  6.28319E+00 SMIN=  9.78496E-01
# Z2 PASS field staged; awaiting legacy output
# Z2 field total Chern:   1.15938E-14
# Z2 field minimum link s.v.:   8.15455E-01
# Z2 field max TR flux residual:   1.81521E-14
# Z2 field max n integer residual:   2.10640E-24
  
# DONE!
# Legacy Z2 candidate BANDS:    1 -   10
# Legacy Z2 candidate =  1
# Legacy Z2 candidate(bottom) =  1
# Validate with tools/wavecar_z2.py.
# Z2 field diagnostic file: Z2_FIELD.csv
 end of program
